******************************************************************************
                  MSP430 Linker PC v16.9.4                     
******************************************************************************
>> Linked Wed Dec 20 10:02:18 2017

OUTPUT FILE NAME:   <LCD_Drive.out>
ENTRY POINT SYMBOL: "_c_int00_noargs_noexit"  address: 0000cc76


MEMORY CONFIGURATION

         name            origin    length      used     unused   attr    fill
----------------------  --------  ---------  --------  --------  ----  --------
  SFR                   00000000   00000010  00000000  00000010  RWIX
  PERIPHERALS_8BIT      00000010   000000f0  00000000  000000f0  RWIX
  PERIPHERALS_16BIT     00000100   00000100  00000000  00000100  RWIX
  RAM                   00000200   00000200  000000ef  00000111  RWIX
  INFOD                 00001000   00000040  00000000  00000040  RWIX
  INFOC                 00001040   00000040  00000000  00000040  RWIX
  INFOB                 00001080   00000040  00000000  00000040  RWIX
  INFOA                 000010c0   00000040  00000000  00000040  RWIX
  FLASH                 0000c000   00003fde  00000eac  00003132  RWIX
  BSLSIGNATURE          0000ffde   00000002  00000002  00000000  RWIX  ffff 
  INT00                 0000ffe0   00000002  00000002  00000000  RWIX
  INT01                 0000ffe2   00000002  00000000  00000002  RWIX
  INT02                 0000ffe4   00000002  00000002  00000000  RWIX
  INT03                 0000ffe6   00000002  00000002  00000000  RWIX
  INT04                 0000ffe8   00000002  00000000  00000002  RWIX
  INT05                 0000ffea   00000002  00000002  00000000  RWIX
  INT06                 0000ffec   00000002  00000002  00000000  RWIX
  INT07                 0000ffee   00000002  00000002  00000000  RWIX
  INT08                 0000fff0   00000002  00000002  00000000  RWIX
  INT09                 0000fff2   00000002  00000002  00000000  RWIX
  INT10                 0000fff4   00000002  00000002  00000000  RWIX
  INT11                 0000fff6   00000002  00000002  00000000  RWIX
  INT12                 0000fff8   00000002  00000002  00000000  RWIX
  INT13                 0000fffa   00000002  00000002  00000000  RWIX
  INT14                 0000fffc   00000002  00000002  00000000  RWIX
  RESET                 0000fffe   00000002  00000002  00000000  RWIX


SECTION ALLOCATION MAP

 output                                  attributes/
section   page    origin      length       input sections
--------  ----  ----------  ----------   ----------------
.data      0    00000200    0000007a     UNINITIALIZED
                  00000200    00000033     main.obj (.data:data2)
                  00000233    00000001     --HOLE--
                  00000234    00000033     main.obj (.data:data)
                  00000267    00000001     --HOLE--
                  00000268    0000000c     main.obj (.data)
                  00000274    00000004     hd44780.obj (.data)
                  00000278    00000002     main.obj (.data:car)

.bss       0    0000027a    00000025     UNINITIALIZED
                  0000027a    00000020     hd44780.obj (.bss:u8__hd44780_data_buffer)
                  0000029a    00000004     (.common:Joystick)
                  0000029e    00000001     hd44780.obj (.bss)

.stack     0    000003b0    00000050     UNINITIALIZED
                  000003b0    00000002     rts430_eabi.lib : boot.obj (.stack)
                  000003b2    0000004e     --HOLE--

.text      0    0000c000    00000dba     
                  0000c000    00000274     main.obj (.text:main)
                  0000c274    00000178     hd44780.obj (.text:hd44780_timer_isr)
                  0000c3ec    0000016e     main.obj (.text:GameOver)
                  0000c55a    00000116     rts430_eabi.lib : _printfi_min.obj (.text:_setfield)
                  0000c670    000000e6                     : _printfi_min.obj (.text:__TI_printfi_minimal)
                  0000c756    000000ca                     : _printfi_min.obj (.text:_pproc_diouxp)
                  0000c820    000000a8     main.obj (.text:StartGame)
                  0000c8c8    0000007c     rts430_eabi.lib : copy_decompress_lzss.obj (.text:decompress:lzss:__TI_decompress_lzss)
                  0000c944    0000007a     main.obj (.text:USCI0RX_ISR)
                  0000c9be    0000006e     rts430_eabi.lib : autoinit.obj (.text:_auto_init)
                  0000ca2c    0000005a                     : cpy_tbl.obj (.text:copy_in)
                  0000ca86    00000058     hd44780.obj (.text:hd44780_write_string)
                  0000cade    00000056     main.obj (.text:LifeDecrement)
                  0000cb34    0000004c     rts430_eabi.lib : lsr16.obj (.text)
                  0000cb80    00000038                     : sprintf.obj (.text:sprintf)
                  0000cbb8    0000002c     myUart.obj (.text:Uart_init)
                  0000cbe4    0000002c     rts430_eabi.lib : lsl16.obj (.text)
                  0000cc10    00000028     main.obj (.text:timer_0_a1_isr)
                  0000cc38    00000024     main.obj (.text:DetermineCarPos)
                  0000cc5c    0000001a     ADC.obj (.text:ADC_init)
                  0000cc76    0000001a     rts430_eabi.lib : boot_special.obj (.text:_c_int00_noargs_noexit)
                  0000cc90    0000001a                     : sprintf.obj (.text:_outs)
                  0000ccaa    0000001a     hd44780.obj (.text:hd44780_clear_screen)
                  0000ccc4    0000001a     rts430_eabi.lib : memccpy.obj (.text:memccpy)
                  0000ccde    00000016     ADC.obj (.text:ADC_read)
                  0000ccf4    00000016     rts430_eabi.lib : div16u.obj (.text)
                  0000cd0a    00000014                     : copy_zero_init.obj (.text:decompress:ZI:__TI_zero_init)
                  0000cd1e    00000014                     : memset.obj (.text:memset)
                  0000cd32    00000014                     : mult16.obj (.text)
                  0000cd46    00000012                     : sprintf.obj (.text:_outc)
                  0000cd58    00000012                     : copy_decompress_none.obj (.text:decompress:none:__TI_decompress_none)
                  0000cd6a    00000012                     : memcpy.obj (.text:memcpy)
                  0000cd7c    00000010                     : epilog.obj (.text)
                  0000cd8c    0000000e                     : strlen.obj (.text:strlen)
                  0000cd9a    0000000c     main.obj (.text:port_inthandler)
                  0000cda6    00000008     rts430_eabi.lib : isr_trap.obj (.text:_isr:__TI_ISR_TRAP)
                  0000cdae    00000006                     : exit.obj (.text:abort)
                  0000cdb4    00000004                     : pre_init.obj (.text:_system_pre_init)
                  0000cdb8    00000002                     : startup.obj (.text:_system_post_cinit)

.binit     0    0000c000    00000000     

.const     0    0000cdba    000000a0     
                  0000cdba    00000082     main.obj (.const:.string)
                  0000ce3c    00000014     rts430_eabi.lib : _printfi_min.obj (.const:.string)
                  0000ce50    00000007     hd44780.obj (.const:.string:$P$T0$4)
                  0000ce57    00000001     --HOLE-- [fill = 0]
                  0000ce58    00000002     main.obj (.const:.string:$P$T0$1)

.cinit     0    0000ce5a    00000052     
                  0000ce5a    0000003f     (.cinit..data.load) [load image, compression = lzss]
                  0000ce99    00000001     --HOLE-- [fill = 0]
                  0000ce9a    00000006     (__TI_handler_table)
                  0000cea0    00000004     (.cinit..bss.load) [load image, compression = zero_init]
                  0000cea4    00000008     (__TI_cinit_table)

.init_array 
*          0    0000c000    00000000     UNINITIALIZED

TRAPINT    0    0000ffe0    00000002     
                  0000ffe0    00000002     rts430_eabi.lib : int00.obj (.int00)

PORT1      0    0000ffe4    00000002     
                  0000ffe4    00000002     rts430_eabi.lib : int02.obj (.int02)

PORT2      0    0000ffe6    00000002     
                  0000ffe6    00000002     main.obj (.int03)

$fill000   0    0000ffde    00000002     
                  0000ffde    00000002     --HOLE-- [fill = ffff]

ADC10      0    0000ffea    00000002     
                  0000ffea    00000002     rts430_eabi.lib : int05.obj (.int05)

USCIAB0TX 
*          0    0000ffec    00000002     
                  0000ffec    00000002     rts430_eabi.lib : int06.obj (.int06)

USCIAB0RX 
*          0    0000ffee    00000002     
                  0000ffee    00000002     main.obj (.int07)

TIMER0_A1 
*          0    0000fff0    00000002     
                  0000fff0    00000002     main.obj (.int08)

TIMER0_A0 
*          0    0000fff2    00000002     
                  0000fff2    00000002     rts430_eabi.lib : int09.obj (.int09)

WDT        0    0000fff4    00000002     
                  0000fff4    00000002     rts430_eabi.lib : int10.obj (.int10)

COMPARATORA 
*          0    0000fff6    00000002     
                  0000fff6    00000002     rts430_eabi.lib : int11.obj (.int11)

TIMER1_A1 
*          0    0000fff8    00000002     
                  0000fff8    00000002     rts430_eabi.lib : int12.obj (.int12)

TIMER1_A0 
*          0    0000fffa    00000002     
                  0000fffa    00000002     rts430_eabi.lib : int13.obj (.int13)

NMI        0    0000fffc    00000002     
                  0000fffc    00000002     rts430_eabi.lib : int14.obj (.int14)

.reset     0    0000fffe    00000002     
                  0000fffe    00000002     rts430_eabi.lib : boot.obj (.reset)

MODULE SUMMARY

       Module                     code   ro data   rw data
       ------                     ----   -------   -------
    .\
       main.obj                   1458   138       120    
       hd44780.obj                490    7         37     
       ADC.obj                    48     0         0      
       myUart.obj                 44     0         0      
    +--+--------------------------+------+---------+---------+
       Total:                     2040   145       157    
                                                          
    C:\ti\ccsv7\tools\compiler\ti-cgt-msp430_16.9.4.LTS\lib\rts430_eabi.lib
       _printfi_min.obj           710    20        0      
       copy_decompress_lzss.obj   124    0         0      
       autoinit.obj               110    0         0      
       sprintf.obj                100    0         0      
       cpy_tbl.obj                90     0         0      
       lsr16.obj                  76     0         0      
       lsl16.obj                  44     0         0      
       boot_special.obj           26     0         0      
       memccpy.obj                26     0         0      
       div16u.obj                 22     0         0      
       copy_zero_init.obj         20     0         0      
       memset.obj                 20     0         0      
       mult16.obj                 20     0         0      
       copy_decompress_none.obj   18     0         0      
       memcpy.obj                 18     0         0      
       epilog.obj                 16     0         0      
       strlen.obj                 14     0         0      
       isr_trap.obj               8      0         0      
       exit.obj                   6      0         0      
       pre_init.obj               4      0         0      
       boot.obj                   0      2         0      
       int00.obj                  0      2         0      
       int02.obj                  0      2         0      
       int05.obj                  0      2         0      
       int06.obj                  0      2         0      
       int09.obj                  0      2         0      
       int10.obj                  0      2         0      
       int11.obj                  0      2         0      
       int12.obj                  0      2         0      
       int13.obj                  0      2         0      
       int14.obj                  0      2         0      
       startup.obj                2      0         0      
    +--+--------------------------+------+---------+---------+
       Total:                     1474   42        0      
                                                          
       Stack:                     0      0         80     
       Linker Generated:          0      81        0      
    +--+--------------------------+------+---------+---------+
       Grand Total:               3514   268       237    


LINKER GENERATED COPY TABLES

__TI_cinit_table @ 0000cea4 records: 2, size/record: 4, table size: 8
	.data: load addr=0000ce5a, load size=0000003f bytes, run addr=00000200, run size=0000007a bytes, compression=lzss
	.bss: load addr=0000cea0, load size=00000004 bytes, run addr=0000027a, run size=00000025 bytes, compression=zero_init


LINKER GENERATED HANDLER TABLE

__TI_handler_table @ 0000ce9a records: 3, size/record: 2, table size: 6
	index: 0, handler: __TI_zero_init
	index: 1, handler: __TI_decompress_lzss
	index: 2, handler: __TI_decompress_none


GLOBAL SYMBOLS: SORTED ALPHABETICALLY BY Name 

address   name                    
-------   ----                    
0000004a  ADC10AE0                
000001b0  ADC10CTL0               
000001b2  ADC10CTL1               
00000048  ADC10DTC0               
00000049  ADC10DTC1               
000001b4  ADC10MEM                
000001bc  ADC10SA                 
0000cc5c  ADC_init                
0000ccde  ADC_read                
00000057  BCSCTL1                 
00000058  BCSCTL2                 
00000053  BCSCTL3                 
0000cdae  C$$EXIT                 
00000059  CACTL1                  
0000005a  CACTL2                  
000010fb  CALBC1_12MHZ            
000010f9  CALBC1_16MHZ            
000010ff  CALBC1_1MHZ             
000010fd  CALBC1_8MHZ             
000010fa  CALDCO_12MHZ            
000010f8  CALDCO_16MHZ            
000010fe  CALDCO_1MHZ             
000010fc  CALDCO_8MHZ             
0000005b  CAPD                    
00000268  CarPos                  
00000056  DCOCTL                  
0000cc38  DetermineCarPos         
00000128  FCTL1                   
0000012a  FCTL2                   
0000012c  FCTL3                   
0000c3ec  GameOver                
00000000  IE1                     
00000001  IE2                     
00000002  IFG1                    
00000003  IFG2                    
0000029a  Joystick                
0000cade  LifeDecrement           
0000026c  NumOfLife               
0000026e  NumofGolden             
00000022  P1DIR                   
00000025  P1IE                    
00000024  P1IES                   
00000023  P1IFG                   
00000020  P1IN                    
00000021  P1OUT                   
00000027  P1REN                   
00000026  P1SEL                   
00000041  P1SEL2                  
0000002a  P2DIR                   
0000002d  P2IE                    
0000002c  P2IES                   
0000002b  P2IFG                   
00000028  P2IN                    
00000029  P2OUT                   
0000002f  P2REN                   
0000002e  P2SEL                   
00000042  P2SEL2                  
0000001a  P3DIR                   
00000018  P3IN                    
00000019  P3OUT                   
00000010  P3REN                   
0000001b  P3SEL                   
00000043  P3SEL2                  
0000026a  Point                   
0000c820  StartGame               
00000172  TA0CCR0                 
00000174  TA0CCR1                 
00000176  TA0CCR2                 
00000162  TA0CCTL0                
00000164  TA0CCTL1                
00000166  TA0CCTL2                
00000160  TA0CTL                  
0000012e  TA0IV                   
00000170  TA0R                    
00000192  TA1CCR0                 
00000194  TA1CCR1                 
00000196  TA1CCR2                 
00000182  TA1CCTL0                
00000184  TA1CCTL1                
00000186  TA1CCTL2                
00000180  TA1CTL                  
0000011e  TA1IV                   
00000190  TA1R                    
000010db  TLV_ADC10_1_LEN         
000010da  TLV_ADC10_1_TAG         
000010c0  TLV_CHECKSUM            
000010f7  TLV_DCO_30_LEN          
000010f6  TLV_DCO_30_TAG          
0000005d  UCA0ABCTL               
00000062  UCA0BR0                 
00000063  UCA0BR1                 
00000060  UCA0CTL0                
00000061  UCA0CTL1                
0000005f  UCA0IRRCTL              
0000005e  UCA0IRTCTL              
00000064  UCA0MCTL                
00000066  UCA0RXBUF               
00000065  UCA0STAT                
00000067  UCA0TXBUF               
0000006a  UCB0BR0                 
0000006b  UCB0BR1                 
00000068  UCB0CTL0                
00000069  UCB0CTL1                
0000006c  UCB0I2CIE               
00000118  UCB0I2COA               
0000011a  UCB0I2CSA               
0000006e  UCB0RXBUF               
0000006d  UCB0STAT                
0000006f  UCB0TXBUF               
0000c944  USCI0RX_ISR             
0000cbb8  Uart_init               
00000120  WDTCTL                  
00000400  __STACK_END             
00000050  __STACK_SIZE            
UNDEFED   __TI_BINIT_Base         
UNDEFED   __TI_BINIT_Limit        
0000cea4  __TI_CINIT_Base         
0000ceac  __TI_CINIT_Limit        
0000ce9a  __TI_Handler_Table_Base 
0000cea0  __TI_Handler_Table_Limit
UNDEFED   __TI_INITARRAY_Base     
UNDEFED   __TI_INITARRAY_Limit    
0000cda6  __TI_ISR_TRAP           
0000c8c8  __TI_decompress_lzss    
0000cd58  __TI_decompress_none    
0000ffe0  __TI_int00              
0000ffe4  __TI_int02              
0000ffe6  __TI_int03              
0000ffea  __TI_int05              
0000ffec  __TI_int06              
0000ffee  __TI_int07              
0000fff0  __TI_int08              
0000fff2  __TI_int09              
0000fff4  __TI_int10              
0000fff6  __TI_int11              
0000fff8  __TI_int12              
0000fffa  __TI_int13              
0000fffc  __TI_int14              
ffffffff  __TI_pprof_out_hndl     
0000c670  __TI_printfi_minimal    
ffffffff  __TI_prof_data_size     
ffffffff  __TI_prof_data_start    
0000cd0a  __TI_zero_init          
ffffffff  __c_args__              
0000ccf4  __mspabi_divu           
0000cd88  __mspabi_func_epilog_1  
0000cd86  __mspabi_func_epilog_2  
0000cd84  __mspabi_func_epilog_3  
0000cd82  __mspabi_func_epilog_4  
0000cd80  __mspabi_func_epilog_5  
0000cd7e  __mspabi_func_epilog_6  
0000cd7c  __mspabi_func_epilog_7  
0000cd32  __mspabi_mpyi           
0000cd32  __mspabi_mpyi_sw        
0000ccf4  __mspabi_remu           
0000cbe4  __mspabi_slli           
0000cc0c  __mspabi_slli_1         
0000cbfa  __mspabi_slli_10        
0000cbf8  __mspabi_slli_11        
0000cbf6  __mspabi_slli_12        
0000cbf4  __mspabi_slli_13        
0000cbf2  __mspabi_slli_14        
0000cbf0  __mspabi_slli_15        
0000cc0a  __mspabi_slli_2         
0000cc08  __mspabi_slli_3         
0000cc06  __mspabi_slli_4         
0000cc04  __mspabi_slli_5         
0000cc02  __mspabi_slli_6         
0000cc00  __mspabi_slli_7         
0000cbfe  __mspabi_slli_8         
0000cbfc  __mspabi_slli_9         
0000cb34  __mspabi_srli           
0000cb7a  __mspabi_srli_1         
0000cb56  __mspabi_srli_10        
0000cb52  __mspabi_srli_11        
0000cb4e  __mspabi_srli_12        
0000cb4a  __mspabi_srli_13        
0000cb46  __mspabi_srli_14        
0000cb42  __mspabi_srli_15        
0000cb76  __mspabi_srli_2         
0000cb72  __mspabi_srli_3         
0000cb6e  __mspabi_srli_4         
0000cb6a  __mspabi_srli_5         
0000cb66  __mspabi_srli_6         
0000cb62  __mspabi_srli_7         
0000cb5e  __mspabi_srli_8         
0000cb5a  __mspabi_srli_9         
0000c9be  _auto_init              
0000cc76  _c_int00_noargs_noexit  
0000fffe  _reset_vector           
000003b0  _stack                  
0000cdb8  _system_post_cinit      
0000cdb4  _system_pre_init        
0000cdae  abort                   
00000278  car                     
0000ca2c  copy_in                 
00000234  data                    
00000200  data2                   
0000ccaa  hd44780_clear_screen    
0000c274  hd44780_timer_isr       
0000ca86  hd44780_write_string    
00000270  isPause                 
00000272  isResetGame             
0000c000  main                    
0000ccc4  memccpy                 
0000cd6a  memcpy                  
0000cd1e  memset                  
0000cd9a  port_inthandler         
0000cb80  sprintf                 
0000cd8c  strlen                  
0000cc10  timer_0_a1_isr          


GLOBAL SYMBOLS: SORTED BY Symbol Address 

address   name                    
-------   ----                    
00000000  IE1                     
00000001  IE2                     
00000002  IFG1                    
00000003  IFG2                    
00000010  P3REN                   
00000018  P3IN                    
00000019  P3OUT                   
0000001a  P3DIR                   
0000001b  P3SEL                   
00000020  P1IN                    
00000021  P1OUT                   
00000022  P1DIR                   
00000023  P1IFG                   
00000024  P1IES                   
00000025  P1IE                    
00000026  P1SEL                   
00000027  P1REN                   
00000028  P2IN                    
00000029  P2OUT                   
0000002a  P2DIR                   
0000002b  P2IFG                   
0000002c  P2IES                   
0000002d  P2IE                    
0000002e  P2SEL                   
0000002f  P2REN                   
00000041  P1SEL2                  
00000042  P2SEL2                  
00000043  P3SEL2                  
00000048  ADC10DTC0               
00000049  ADC10DTC1               
0000004a  ADC10AE0                
00000050  __STACK_SIZE            
00000053  BCSCTL3                 
00000056  DCOCTL                  
00000057  BCSCTL1                 
00000058  BCSCTL2                 
00000059  CACTL1                  
0000005a  CACTL2                  
0000005b  CAPD                    
0000005d  UCA0ABCTL               
0000005e  UCA0IRTCTL              
0000005f  UCA0IRRCTL              
00000060  UCA0CTL0                
00000061  UCA0CTL1                
00000062  UCA0BR0                 
00000063  UCA0BR1                 
00000064  UCA0MCTL                
00000065  UCA0STAT                
00000066  UCA0RXBUF               
00000067  UCA0TXBUF               
00000068  UCB0CTL0                
00000069  UCB0CTL1                
0000006a  UCB0BR0                 
0000006b  UCB0BR1                 
0000006c  UCB0I2CIE               
0000006d  UCB0STAT                
0000006e  UCB0RXBUF               
0000006f  UCB0TXBUF               
00000118  UCB0I2COA               
0000011a  UCB0I2CSA               
0000011e  TA1IV                   
00000120  WDTCTL                  
00000128  FCTL1                   
0000012a  FCTL2                   
0000012c  FCTL3                   
0000012e  TA0IV                   
00000160  TA0CTL                  
00000162  TA0CCTL0                
00000164  TA0CCTL1                
00000166  TA0CCTL2                
00000170  TA0R                    
00000172  TA0CCR0                 
00000174  TA0CCR1                 
00000176  TA0CCR2                 
00000180  TA1CTL                  
00000182  TA1CCTL0                
00000184  TA1CCTL1                
00000186  TA1CCTL2                
00000190  TA1R                    
00000192  TA1CCR0                 
00000194  TA1CCR1                 
00000196  TA1CCR2                 
000001b0  ADC10CTL0               
000001b2  ADC10CTL1               
000001b4  ADC10MEM                
000001bc  ADC10SA                 
00000200  data2                   
00000234  data                    
00000268  CarPos                  
0000026a  Point                   
0000026c  NumOfLife               
0000026e  NumofGolden             
00000270  isPause                 
00000272  isResetGame             
00000278  car                     
0000029a  Joystick                
000003b0  _stack                  
00000400  __STACK_END             
000010c0  TLV_CHECKSUM            
000010da  TLV_ADC10_1_TAG         
000010db  TLV_ADC10_1_LEN         
000010f6  TLV_DCO_30_TAG          
000010f7  TLV_DCO_30_LEN          
000010f8  CALDCO_16MHZ            
000010f9  CALBC1_16MHZ            
000010fa  CALDCO_12MHZ            
000010fb  CALBC1_12MHZ            
000010fc  CALDCO_8MHZ             
000010fd  CALBC1_8MHZ             
000010fe  CALDCO_1MHZ             
000010ff  CALBC1_1MHZ             
0000c000  main                    
0000c274  hd44780_timer_isr       
0000c3ec  GameOver                
0000c670  __TI_printfi_minimal    
0000c820  StartGame               
0000c8c8  __TI_decompress_lzss    
0000c944  USCI0RX_ISR             
0000c9be  _auto_init              
0000ca2c  copy_in                 
0000ca86  hd44780_write_string    
0000cade  LifeDecrement           
0000cb34  __mspabi_srli           
0000cb42  __mspabi_srli_15        
0000cb46  __mspabi_srli_14        
0000cb4a  __mspabi_srli_13        
0000cb4e  __mspabi_srli_12        
0000cb52  __mspabi_srli_11        
0000cb56  __mspabi_srli_10        
0000cb5a  __mspabi_srli_9         
0000cb5e  __mspabi_srli_8         
0000cb62  __mspabi_srli_7         
0000cb66  __mspabi_srli_6         
0000cb6a  __mspabi_srli_5         
0000cb6e  __mspabi_srli_4         
0000cb72  __mspabi_srli_3         
0000cb76  __mspabi_srli_2         
0000cb7a  __mspabi_srli_1         
0000cb80  sprintf                 
0000cbb8  Uart_init               
0000cbe4  __mspabi_slli           
0000cbf0  __mspabi_slli_15        
0000cbf2  __mspabi_slli_14        
0000cbf4  __mspabi_slli_13        
0000cbf6  __mspabi_slli_12        
0000cbf8  __mspabi_slli_11        
0000cbfa  __mspabi_slli_10        
0000cbfc  __mspabi_slli_9         
0000cbfe  __mspabi_slli_8         
0000cc00  __mspabi_slli_7         
0000cc02  __mspabi_slli_6         
0000cc04  __mspabi_slli_5         
0000cc06  __mspabi_slli_4         
0000cc08  __mspabi_slli_3         
0000cc0a  __mspabi_slli_2         
0000cc0c  __mspabi_slli_1         
0000cc10  timer_0_a1_isr          
0000cc38  DetermineCarPos         
0000cc5c  ADC_init                
0000cc76  _c_int00_noargs_noexit  
0000ccaa  hd44780_clear_screen    
0000ccc4  memccpy                 
0000ccde  ADC_read                
0000ccf4  __mspabi_divu           
0000ccf4  __mspabi_remu           
0000cd0a  __TI_zero_init          
0000cd1e  memset                  
0000cd32  __mspabi_mpyi           
0000cd32  __mspabi_mpyi_sw        
0000cd58  __TI_decompress_none    
0000cd6a  memcpy                  
0000cd7c  __mspabi_func_epilog_7  
0000cd7e  __mspabi_func_epilog_6  
0000cd80  __mspabi_func_epilog_5  
0000cd82  __mspabi_func_epilog_4  
0000cd84  __mspabi_func_epilog_3  
0000cd86  __mspabi_func_epilog_2  
0000cd88  __mspabi_func_epilog_1  
0000cd8c  strlen                  
0000cd9a  port_inthandler         
0000cda6  __TI_ISR_TRAP           
0000cdae  C$$EXIT                 
0000cdae  abort                   
0000cdb4  _system_pre_init        
0000cdb8  _system_post_cinit      
0000ce9a  __TI_Handler_Table_Base 
0000cea0  __TI_Handler_Table_Limit
0000cea4  __TI_CINIT_Base         
0000ceac  __TI_CINIT_Limit        
0000ffe0  __TI_int00              
0000ffe4  __TI_int02              
0000ffe6  __TI_int03              
0000ffea  __TI_int05              
0000ffec  __TI_int06              
0000ffee  __TI_int07              
0000fff0  __TI_int08              
0000fff2  __TI_int09              
0000fff4  __TI_int10              
0000fff6  __TI_int11              
0000fff8  __TI_int12              
0000fffa  __TI_int13              
0000fffc  __TI_int14              
0000fffe  _reset_vector           
ffffffff  __TI_pprof_out_hndl     
ffffffff  __TI_prof_data_size     
ffffffff  __TI_prof_data_start    
ffffffff  __c_args__              
UNDEFED   __TI_BINIT_Base         
UNDEFED   __TI_BINIT_Limit        
UNDEFED   __TI_INITARRAY_Base     
UNDEFED   __TI_INITARRAY_Limit    

[211 symbols]
