Archive member included because of file (symbol)

C:/Users/FatihKaya/Documents/CCS_MSP430_WS/MSP-EXP430G2553LP_Wire/Debug\libMSP-EXP430G2553LP_Wire.a(Wire.o)
                              ./PROJE.o (TwoWire::available())
C:/Users/FatihKaya/Documents/CCS_MSP430_WS/MSP-EXP430G2553LP_Wire/Debug\libMSP-EXP430G2553LP_Wire.a(twi.o)
                              C:/Users/FatihKaya/Documents/CCS_MSP430_WS/MSP-EXP430G2553LP_Wire/Debug\libMSP-EXP430G2553LP_Wire.a(Wire.o) (twi_setModule)
C:/Users/FatihKaya/Documents/CCS_MSP430_WS/MSP-EXP430G2553LP_Wire/Debug\libMSP-EXP430G2553LP_Wire.a(twi_sw.o)
                              C:/Users/FatihKaya/Documents/CCS_MSP430_WS/MSP-EXP430G2553LP_Wire/Debug\libMSP-EXP430G2553LP_Wire.a(twi.o) (i2c_sw_write)
C:/Users/FatihKaya/Documents/CCS_MSP430_WS/MSP-EXP430G2553LP_core/Debug\libMSP-EXP430G2553LP_core.a(usci_isr_handler.o)
                              C:/Users/FatihKaya/Documents/CCS_MSP430_WS/MSP-EXP430G2553LP_Wire/Debug\libMSP-EXP430G2553LP_Wire.a(twi.o) (usci_isr_install)
C:/Users/FatihKaya/Documents/CCS_MSP430_WS/MSP-EXP430G2553LP_core/Debug\libMSP-EXP430G2553LP_core.a(wiring.o)
                              C:/Users/FatihKaya/Documents/CCS_MSP430_WS/MSP-EXP430G2553LP_core/Debug\libMSP-EXP430G2553LP_core.a(usci_isr_handler.o) (stay_asleep)
C:/Users/FatihKaya/Documents/CCS_MSP430_WS/MSP-EXP430G2553LP_core/Debug\libMSP-EXP430G2553LP_core.a(wiring_digital.o)
                              C:/Users/FatihKaya/Documents/CCS_MSP430_WS/MSP-EXP430G2553LP_Wire/Debug\libMSP-EXP430G2553LP_Wire.a(twi_sw.o) (pinMode)
C:/Users/FatihKaya/Documents/CCS_MSP430_WS/MSP-EXP430G2553LP_core/Debug\libMSP-EXP430G2553LP_core.a(HardwareSerial.o)
                              ./PROJE.o (Serial)
C:/Users/FatihKaya/Documents/CCS_MSP430_WS/MSP-EXP430G2553LP_core/Debug\libMSP-EXP430G2553LP_core.a(main.o)
                              (main)
C:/Users/FatihKaya/Documents/CCS_MSP430_WS/MSP-EXP430G2553LP_core/Debug\libMSP-EXP430G2553LP_core.a(new.o)
                              C:/Users/FatihKaya/Documents/CCS_MSP430_WS/MSP-EXP430G2553LP_Wire/Debug\libMSP-EXP430G2553LP_Wire.a(Wire.o) (__cxa_pure_virtual)
C:/Users/FatihKaya/Documents/CCS_MSP430_WS/MSP-EXP430G2553LP_core/Debug\libMSP-EXP430G2553LP_core.a(Print.o)
                              C:/Users/FatihKaya/Documents/CCS_MSP430_WS/MSP-EXP430G2553LP_Wire/Debug\libMSP-EXP430G2553LP_Wire.a(Wire.o) (Print::write(unsigned char const*, unsigned int))
C:/Users/FatihKaya/Documents/CCS_MSP430_WS/MSP-EXP430G2553LP_core/Debug\libMSP-EXP430G2553LP_core.a(WString.o)
                              C:/Users/FatihKaya/Documents/CCS_MSP430_WS/MSP-EXP430G2553LP_core/Debug\libMSP-EXP430G2553LP_core.a(Print.o) (String::operator[](unsigned int) const)
C:/Users/FatihKaya/Documents/CCS_MSP430_WS/MSP-EXP430G2553LP_core/Debug\libMSP-EXP430G2553LP_core.a(atof.o)
                              C:/Users/FatihKaya/Documents/CCS_MSP430_WS/MSP-EXP430G2553LP_core/Debug\libMSP-EXP430G2553LP_core.a(WString.o) (atof)
C:/Users/FatihKaya/Documents/CCS_MSP430_WS/MSP-EXP430G2553LP_core/Debug\libMSP-EXP430G2553LP_core.a(dtostrf.o)
                              C:/Users/FatihKaya/Documents/CCS_MSP430_WS/MSP-EXP430G2553LP_core/Debug\libMSP-EXP430G2553LP_core.a(WString.o) (dtostrf)
C:/Users/FatihKaya/Documents/CCS_MSP430_WS/MSP-EXP430G2553LP_core/Debug\libMSP-EXP430G2553LP_core.a(itoa.o)
                              C:/Users/FatihKaya/Documents/CCS_MSP430_WS/MSP-EXP430G2553LP_core/Debug\libMSP-EXP430G2553LP_core.a(WString.o) (ltoa)
c:/ti/energia-1.6.10e18/hardware/tools/msp430/bin/../lib/gcc/msp430/4.6.3/../../../../msp430/lib\libm.a(ef_pow.o)
                              C:/Users/FatihKaya/Documents/CCS_MSP430_WS/MSP-EXP430G2553LP_core/Debug\libMSP-EXP430G2553LP_core.a(dtostrf.o) (powf)
c:/ti/energia-1.6.10e18/hardware/tools/msp430/bin/../lib/gcc/msp430/4.6.3/../../../../msp430/lib\libm.a(sf_scalbn.o)
                              c:/ti/energia-1.6.10e18/hardware/tools/msp430/bin/../lib/gcc/msp430/4.6.3/../../../../msp430/lib\libm.a(ef_pow.o) (scalbnf)
c:/ti/energia-1.6.10e18/hardware/tools/msp430/bin/../lib/gcc/msp430/4.6.3/../../../../msp430/lib\libm.a(ef_sqrt.o)
                              c:/ti/energia-1.6.10e18/hardware/tools/msp430/bin/../lib/gcc/msp430/4.6.3/../../../../msp430/lib\libm.a(ef_pow.o) (__ieee754_sqrtf)
c:/ti/energia-1.6.10e18/hardware/tools/msp430/bin/../lib/gcc/msp430/4.6.3\libgcc.a(_mulqi3.o)
                              C:/Users/FatihKaya/Documents/CCS_MSP430_WS/MSP-EXP430G2553LP_core/Debug\libMSP-EXP430G2553LP_core.a(Print.o) (__mulqi3)
c:/ti/energia-1.6.10e18/hardware/tools/msp430/bin/../lib/gcc/msp430/4.6.3\libgcc.a(_mulhi3.o)
                              C:/Users/FatihKaya/Documents/CCS_MSP430_WS/MSP-EXP430G2553LP_core/Debug\libMSP-EXP430G2553LP_core.a(wiring.o) (__mulhi3)
c:/ti/energia-1.6.10e18/hardware/tools/msp430/bin/../lib/gcc/msp430/4.6.3\libgcc.a(_mulsi3.o)
[...]
Memory Configuration

Name             Origin             Length             Attributes
sfr              0x00000000         0x00000010
peripheral_8bit  0x00000010         0x000000f0
peripheral_16bit 0x00000100         0x00000100
ram              0x00000200         0x00000200         xw
infomem          0x00001000         0x00000100
infod            0x00001000         0x00000040
infoc            0x00001040         0x00000040
infob            0x00001080         0x00000040
infoa            0x000010c0         0x00000040
rom              0x0000c000         0x00003fe0         xr
vectors          0x0000ffe0         0x00000020
bsl              0x00000000         0x00000000
ram2             0x00000000         0x00000000         xw
ram_mirror       0x00000000         0x00000000         xw
signature        0x00000000         0x00000000
tinyram          0x00000000         0x00000000         xw
usbram           0x00000000         0x00000000         xw
far_rom          0x00000000         0x00000000
*default*        0x00000000         0xffffffff

Linker script and memory map

LOAD c:/ti/energia-1.6.10e18/hardware/tools/msp430/bin/../lib/gcc/msp430/4.6.3/crt0ivtbl16.o
LOAD ./PROJE.o
START GROUP
LOAD C:/Users/FatihKaya/Documents/CCS_MSP430_WS/MSP-EXP430G2553LP_Adafruit_TMP006/Debug\libMSP-EXP430G2553LP_Adafruit_TMP006.a
LOAD C:/Users/FatihKaya/Documents/CCS_MSP430_WS/MSP-EXP430G2553LP_Wire/Debug\libMSP-EXP430G2553LP_Wire.a
LOAD C:/Users/FatihKaya/Documents/CCS_MSP430_WS/MSP-EXP430G2553LP_core/Debug\libMSP-EXP430G2553LP_core.a
LOAD c:/ti/energia-1.6.10e18/hardware/tools/msp430/bin/../lib/gcc/msp430/4.6.3/../../../../msp430/lib\libm.a
END GROUP
LOAD c:/ti/energia-1.6.10e18/hardware/tools/msp430/bin/../lib/gcc/msp430/4.6.3\libgcc.a
LOAD c:/ti/energia-1.6.10e18/hardware/tools/msp430/bin/../lib/gcc/msp430/4.6.3/../../../../msp430/lib\libc.a
LOAD c:/ti/energia-1.6.10e18/hardware/tools/msp430/bin/../lib/gcc/msp430/4.6.3\libgcc.a
LOAD c:/ti/energia-1.6.10e18/hardware/tools/msp430/bin/../lib/gcc/msp430/4.6.3\libcrt0.a
                0x00000040                PROVIDE (__info_segment_size, 0x40)
                0x00001000                PROVIDE (__infod, 0x1000)
                0x00001040                PROVIDE (__infoc, 0x1040)
                0x00001080                PROVIDE (__infob, 0x1080)
                0x000010c0                PROVIDE (__infoa, 0x10c0)
                0x00000000                __IE1 = 0x0
                0x00000002                __IFG1 = 0x2
                0x00000001                __IE2 = 0x1
                0x00000003                __IFG2 = 0x3
                0x00000048                __ADC10DTC0 = 0x48
                0x00000049                __ADC10DTC1 = 0x49
                0x0000004a                __ADC10AE0 = 0x4a
                0x000001b0                __ADC10CTL0 = 0x1b0
                0x000001b2                __ADC10CTL1 = 0x1b2
                0x000001b4                __ADC10MEM = 0x1b4
                0x000001bc                __ADC10SA = 0x1bc
                0x00000056                __DCOCTL = 0x56
                0x00000057                __BCSCTL1 = 0x57
                0x00000058                __BCSCTL2 = 0x58
                0x00000053                __BCSCTL3 = 0x53
                0x00000059                __CACTL1 = 0x59
                0x0000005a                __CACTL2 = 0x5a
                0x0000005b                __CAPD = 0x5b
                0x00000128                __FCTL1 = 0x128
                0x0000012a                __FCTL2 = 0x12a
                0x0000012c                __FCTL3 = 0x12c
                0x00000020                __P1IN = 0x20
                0x00000021                __P1OUT = 0x21
                0x00000022                __P1DIR = 0x22
                0x00000023                __P1IFG = 0x23
                0x00000024                __P1IES = 0x24
                0x00000025                __P1IE = 0x25
                0x00000026                __P1SEL = 0x26
                0x00000041                __P1SEL2 = 0x41
                0x00000027                __P1REN = 0x27
                0x00000028                __P2IN = 0x28
                0x00000029                __P2OUT = 0x29
                0x0000002a                __P2DIR = 0x2a
                0x0000002b                __P2IFG = 0x2b
                0x0000002c                __P2IES = 0x2c
                0x0000002d                __P2IE = 0x2d
                0x0000002e                __P2SEL = 0x2e
                0x00000042                __P2SEL2 = 0x42
                0x0000002f                __P2REN = 0x2f
                0x00000018                __P3IN = 0x18
                0x00000019                __P3OUT = 0x19
                0x0000001a                __P3DIR = 0x1a
                0x0000001b                __P3SEL = 0x1b
                0x00000043                __P3SEL2 = 0x43
                0x00000010                __P3REN = 0x10
                0x0000012e                __TA0IV = 0x12e
                0x00000160                __TA0CTL = 0x160
                0x00000162                __TA0CCTL0 = 0x162
                0x00000164                __TA0CCTL1 = 0x164
                0x00000166                __TA0CCTL2 = 0x166
                0x00000170                __TA0R = 0x170
                0x00000172                __TA0CCR0 = 0x172
                0x00000174                __TA0CCR1 = 0x174
                0x00000176                __TA0CCR2 = 0x176
                0x0000011e                __TA1IV = 0x11e
                0x00000180                __TA1CTL = 0x180
                0x00000182                __TA1CCTL0 = 0x182
                0x00000184                __TA1CCTL1 = 0x184
                0x00000186                __TA1CCTL2 = 0x186
                0x00000190                __TA1R = 0x190
                0x00000192                __TA1CCR0 = 0x192
                0x00000194                __TA1CCR1 = 0x194
                0x00000196                __TA1CCR2 = 0x196
                0x00000060                __UCA0CTL0 = 0x60
                0x00000061                __UCA0CTL1 = 0x61
                0x00000062                __UCA0BR0 = 0x62
                0x00000063                __UCA0BR1 = 0x63
                0x00000064                __UCA0MCTL = 0x64
                0x00000065                __UCA0STAT = 0x65
                0x00000066                __UCA0RXBUF = 0x66
                0x00000067                __UCA0TXBUF = 0x67
                0x0000005d                __UCA0ABCTL = 0x5d
                0x0000005e                __UCA0IRTCTL = 0x5e
                0x0000005f                __UCA0IRRCTL = 0x5f
                0x00000068                __UCB0CTL0 = 0x68
                0x00000069                __UCB0CTL1 = 0x69
                0x0000006a                __UCB0BR0 = 0x6a
                0x0000006b                __UCB0BR1 = 0x6b
                0x0000006c                __UCB0I2CIE = 0x6c
                0x0000006d                __UCB0STAT = 0x6d
                0x0000006e                __UCB0RXBUF = 0x6e
                0x0000006f                __UCB0TXBUF = 0x6f
                0x00000118                __UCB0I2COA = 0x118
                0x0000011a                __UCB0I2CSA = 0x11a
                0x00000120                __WDTCTL = 0x120
                0x000010f8                __CALDCO_16MHZ = 0x10f8
                0x000010f9                __CALBC1_16MHZ = 0x10f9
                0x000010fa                __CALDCO_12MHZ = 0x10fa
                0x000010fb                __CALBC1_12MHZ = 0x10fb
                0x000010fc                __CALDCO_8MHZ = 0x10fc
                0x000010fd                __CALBC1_8MHZ = 0x10fd
                0x000010fe                __CALDCO_1MHZ = 0x10fe
                0x000010ff                __CALBC1_1MHZ = 0x10ff
                0x000010c0                __TLV_CHECKSUM = 0x10c0
                0x000010f6                __TLV_DCO_30_TAG = 0x10f6
                0x000010f7                __TLV_DCO_30_LEN = 0x10f7
                0x000010da                __TLV_ADC10_1_TAG = 0x10da
                0x000010db                __TLV_ADC10_1_LEN = 0x10db

.hash
 *(.hash)

.dynsym
 *(.dynsym)

.dynstr
 *(.dynstr)

.gnu.version
 *(.gnu.version)

.gnu.version_d
 *(.gnu.version_d)

.gnu.version_r
 *(.gnu.version_r)

.rel.init
 *(.rel.init)

.rela.init
 *(.rela.init)

.rel.fini
 *(.rel.fini)

.rela.fini
 *(.rela.fini)

.rel.text
 *(.rel.text .rel.text.* .rel.gnu.linkonce.t.*)

.rela.text
 *(.rela.text .rela.text.* .rela.gnu.linkonce.t.*)

.rel.rodata
 *(.rel.rodata .rel.rodata.* .rel.gnu.linkonce.r.*)

.rela.rodata
 *(.rela.rodata .rela.rodata.* .rela.gnu.linkonce.r.*)

.rel.data
 *(.rel.data .rel.data.* .rel.gnu.linkonce.d.*)

.rela.data
 *(.rela.data .rela.data.* .rela.gnu.linkonce.d.*)

.rel.bss
 *(.rel.bss .rel.bss.* .rel.gnu.linkonce.b.*)

.rela.bss
 *(.rela.bss .rela.bss.* .rela.gnu.linkonce.b.*)

.rel.ctors
 *(.rel.ctors)

.rela.ctors
 *(.rela.ctors)

.rel.dtors
 *(.rel.dtors)

.rela.dtors
 *(.rela.dtors)

.rel.got
 *(.rel.got)

.rela.got
 *(.rela.got)

.rel.plt
 *(.rel.plt)

.rela.plt
 *(.rela.plt)

.text           0x0000c000     0x11dc
                0x0000c000                . = ALIGN (0x2)
 *(.init .init.*)
 *(.init0)
 .init0         0x0000c000        0x0 c:/ti/energia-1.6.10e18/hardware/tools/msp430/bin/../lib/gcc/msp430/4.6.3\libcrt0.a(_reset_vector__.o)
                0x0000c000                _reset_vector__
 *(.init1)
 .init1         0x0000c000        0xc c:/ti/energia-1.6.10e18/hardware/tools/msp430/bin/../lib/gcc/msp430/4.6.3\libcrt0.a(__watchdog_support.o)
                0x0000c000                __watchdog_support
 *(.init2)
 .init2         0x0000c00c        0x4 c:/ti/energia-1.6.10e18/hardware/tools/msp430/bin/../lib/gcc/msp430/4.6.3\libcrt0.a(__init_stack.o)
                0x0000c00c                __init_stack
 *(.init3)
 .init3         0x0000c010        0x0 c:/ti/energia-1.6.10e18/hardware/tools/msp430/bin/../lib/gcc/msp430/4.6.3\libcrt0.a(__low_level_init.o)
                0x0000c010                __low_level_init
 *(.init4)
 .init4         0x0000c010       0x18 c:/ti/energia-1.6.10e18/hardware/tools/msp430/bin/../lib/gcc/msp430/4.6.3\libcrt0.a(_copy_data.o)
                0x0000c010                __do_copy_data
 .init4         0x0000c028       0x16 c:/ti/energia-1.6.10e18/hardware/tools/msp430/bin/../lib/gcc/msp430/4.6.3\libcrt0.a(_clear_bss.o)
                0x0000c028                __do_clear_bss
 *(.init5)
 *(.init6)
 .init6         0x0000c03e       0x14 c:/ti/energia-1.6.10e18/hardware/tools/msp430/bin/../lib/gcc/msp430/4.6.3\libcrt0.a(_ctors430.o)
                0x0000c03e                __do_global_ctors
 *(.init7)
 *(.init8)
 *(.init9)
 .init9         0x0000c052       0x1a C:/Users/FatihKaya/Documents/CCS_MSP430_WS/MSP-EXP430G2553LP_core/Debug\libMSP-EXP430G2553LP_core.a(main.o)
                0x0000c052                main
 *(.fini9)
 .fini9         0x0000c06c        0x0 c:/ti/energia-1.6.10e18/hardware/tools/msp430/bin/../lib/gcc/msp430/4.6.3\libcrt0.a(__stop_progExec__.o)
                0x0000c06c                __stop_progExec__
 *(.fini8)
 *(.fini7)
 *(.fini6)
 *(.fini5)
 *(.fini4)
 *(.fini3)
 *(.fini2)
 *(.fini1)
 *(.fini0)
 .fini0         0x0000c06c        0x6 c:/ti/energia-1.6.10e18/hardware/tools/msp430/bin/../lib/gcc/msp430/4.6.3\libcrt0.a(_endless_loop__.o)
                0x0000c06c                _endless_loop__
 *(.fini .fini.*)
                0x0000c072                . = ALIGN (0x2)
                0x0000c072                __ctors_start = .
 *(.ctors)
 .ctors         0x0000c072        0x2 C:/Users/FatihKaya/Documents/CCS_MSP430_WS/MSP-EXP430G2553LP_Wire/Debug\libMSP-EXP430G2553LP_Wire.a(Wire.o)
 .ctors         0x0000c074        0x2 C:/Users/FatihKaya/Documents/CCS_MSP430_WS/MSP-EXP430G2553LP_core/Debug\libMSP-EXP430G2553LP_core.a(HardwareSerial.o)
                0x0000c076                __ctors_end = .
                0x0000c076                __dtors_start = .
 *(.dtors)
                0x0000c076                __dtors_end = .
                0x0000c076                . = ALIGN (0x2)
 *(.text .text.* .gnu.linkonce.t.*)
 .text          0x0000c076        0x4 c:/ti/energia-1.6.10e18/hardware/tools/msp430/bin/../lib/gcc/msp430/4.6.3/crt0ivtbl16.o
                0x0000c076                __isr_14
                0x0000c076                __isr_4
                0x0000c076                __isr_11
                0x0000c076                __isr_5
                0x0000c076                __isr_2
                0x0000c076                __isr_0
                0x0000c076                __isr_8
                0x0000c076                __isr_3
                0x0000c076                __isr_12
                0x0000c076                __isr_13
                0x0000c076                __isr_9
                0x0000c076                __isr_1
 .text._Z13I2C_readByteshhhPh
                0x0000c07a       0xc2 ./PROJE.o
                0x0000c07a                I2C_readBytes(unsigned char, unsigned char, unsigned char, unsigned char*)
 .text._Z12I2C_readBytehhPh
                0x0000c13c        0xa ./PROJE.o
                0x0000c13c                I2C_readByte(unsigned char, unsigned char, unsigned char*)
 .text.setup    0x0000c146       0x1a ./PROJE.o
                0x0000c146                setup
 .text.loop     0x0000c160       0x5a ./PROJE.o
                0x0000c160                loop
 .text._ZN7TwoWire9availableEv
                0x0000c1ba        0xc C:/Users/FatihKaya/Documents/CCS_MSP430_WS/MSP-EXP430G2553LP_Wire/Debug\libMSP-EXP430G2553LP_Wire.a(Wire.o)
                0x0000c1ba                TwoWire::available()
 .text._ZN7TwoWire4readEv
                0x0000c1c6       0x1c C:/Users/FatihKaya/Documents/CCS_MSP430_WS/MSP-EXP430G2553LP_Wire/Debug\libMSP-EXP430G2553LP_Wire.a(Wire.o)
                0x0000c1c6                TwoWire::read()
 .text._ZN7TwoWire4peekEv
                0x0000c1e2       0x16 C:/Users/FatihKaya/Documents/CCS_MSP430_WS/MSP-EXP430G2553LP_Wire/Debug\libMSP-EXP430G2553LP_Wire.a(Wire.o)
                0x0000c1e2                TwoWire::peek()
 .text._ZN7TwoWire5flushEv
                0x0000c1f8        0x2 C:/Users/FatihKaya/Documents/CCS_MSP430_WS/MSP-EXP430G2553LP_Wire/Debug\libMSP-EXP430G2553LP_Wire.a(Wire.o)
                0x0000c1f8                TwoWire::flush()
 .text._ZN7TwoWire5writeEPKhj
                0x0000c1fa       0x42 C:/Users/FatihKaya/Documents/CCS_MSP430_WS/MSP-EXP430G2553LP_Wire/Debug\libMSP-EXP430G2553LP_Wire.a(Wire.o)
                0x0000c1fa                TwoWire::write(unsigned char const*, unsigned int)
 .text._ZN7TwoWire5writeEh
                0x0000c23c       0x42 C:/Users/FatihKaya/Documents/CCS_MSP430_WS/MSP-EXP430G2553LP_Wire/Debug\libMSP-EXP430G2553LP_Wire.a(Wire.o)
                0x0000c23c                TwoWire::write(unsigned char)
 .text._ZN7TwoWireC2Ev
                0x0000c27e       0x16 C:/Users/FatihKaya/Documents/CCS_MSP430_WS/MSP-EXP430G2553LP_Wire/Debug\libMSP-EXP430G2553LP_Wire.a(Wire.o)
                0x0000c27e                TwoWire::TwoWire()
                0x0000c27e                TwoWire::TwoWire()
 .text._ZN7TwoWire5beginEv
                0x0000c294       0x16 C:/Users/FatihKaya/Documents/CCS_MSP430_WS/MSP-EXP430G2553LP_Wire/Debug\libMSP-EXP430G2553LP_Wire.a(Wire.o)
                0x0000c294                TwoWire::begin()
 .text._ZN7TwoWire11requestFromEhhh
                0x0000c2aa       0x1e C:/Users/FatihKaya/Documents/CCS_MSP430_WS/MSP-EXP430G2553LP_Wire/Debug\libMSP-EXP430G2553LP_Wire.a(Wire.o)
                0x0000c2aa                TwoWire::requestFrom(unsigned char, unsigned char, unsigned char)
 .text._ZN7TwoWire11requestFromEhh
                0x0000c2c8        0x8 C:/Users/FatihKaya/Documents/CCS_MSP430_WS/MSP-EXP430G2553LP_Wire/Debug\libMSP-EXP430G2553LP_Wire.a(Wire.o)
                0x0000c2c8                TwoWire::requestFrom(unsigned char, unsigned char)
 .text._ZN7TwoWire17beginTransmissionEh
                0x0000c2d0       0x12 C:/Users/FatihKaya/Documents/CCS_MSP430_WS/MSP-EXP430G2553LP_Wire/Debug\libMSP-EXP430G2553LP_Wire.a(Wire.o)
                0x0000c2d0                TwoWire::beginTransmission(unsigned char)
 .text._ZN7TwoWire15endTransmissionEh
                0x0000c2e2       0x24 C:/Users/FatihKaya/Documents/CCS_MSP430_WS/MSP-EXP430G2553LP_Wire/Debug\libMSP-EXP430G2553LP_Wire.a(Wire.o)
                0x0000c2e2                TwoWire::endTransmission(unsigned char)
 .text._ZN7TwoWire15endTransmissionEv
                0x0000c306        0x8 C:/Users/FatihKaya/Documents/CCS_MSP430_WS/MSP-EXP430G2553LP_Wire/Debug\libMSP-EXP430G2553LP_Wire.a(Wire.o)
                0x0000c306                TwoWire::endTransmission()
 .text.startup._GLOBAL__sub_I__ZN7TwoWire8rxBufferE
                0x0000c30e        0xa C:/Users/FatihKaya/Documents/CCS_MSP430_WS/MSP-EXP430G2553LP_Wire/Debug\libMSP-EXP430G2553LP_Wire.a(Wire.o)
 .text.twi_init_port.part.0
                0x0000c318       0x1a C:/Users/FatihKaya/Documents/CCS_MSP430_WS/MSP-EXP430G2553LP_Wire/Debug\libMSP-EXP430G2553LP_Wire.a(twi.o)
 .text.twi_init
                0x0000c332       0x98 C:/Users/FatihKaya/Documents/CCS_MSP430_WS/MSP-EXP430G2553LP_Wire/Debug\libMSP-EXP430G2553LP_Wire.a(twi.o)
                0x0000c332                twi_init
 .text.twi_readFrom
                0x0000c3ca       0xec C:/Users/FatihKaya/Documents/CCS_MSP430_WS/MSP-EXP430G2553LP_Wire/Debug\libMSP-EXP430G2553LP_Wire.a(twi.o)
                0x0000c3ca                twi_readFrom
 .text.twi_writeTo
                0x0000c4b6       0xec C:/Users/FatihKaya/Documents/CCS_MSP430_WS/MSP-EXP430G2553LP_Wire/Debug\libMSP-EXP430G2553LP_Wire.a(twi.o)
                0x0000c4b6                twi_writeTo
 .text.twi_transmit
                0x0000c5a2       0x28 C:/Users/FatihKaya/Documents/CCS_MSP430_WS/MSP-EXP430G2553LP_Wire/Debug\libMSP-EXP430G2553LP_Wire.a(twi.o)
                0x0000c5a2                twi_transmit
 .text.i2c_txrx_isr
                0x0000c5ca      0x144 C:/Users/FatihKaya/Documents/CCS_MSP430_WS/MSP-EXP430G2553LP_Wire/Debug\libMSP-EXP430G2553LP_Wire.a(twi.o)
                0x0000c5ca                i2c_txrx_isr
 .text.i2c_state_isr
                0x0000c70e       0xd8 C:/Users/FatihKaya/Documents/CCS_MSP430_WS/MSP-EXP430G2553LP_Wire/Debug\libMSP-EXP430G2553LP_Wire.a(twi.o)
                0x0000c70e                i2c_state_isr
 .text.i2c_sw_txByte
                0x0000c7e6       0x86 C:/Users/FatihKaya/Documents/CCS_MSP430_WS/MSP-EXP430G2553LP_Wire/Debug\libMSP-EXP430G2553LP_Wire.a(twi_sw.o)
                0x0000c7e6                i2c_sw_txByte
 .text.i2c_sw_start
                0x0000c86c       0x3c C:/Users/FatihKaya/Documents/CCS_MSP430_WS/MSP-EXP430G2553LP_Wire/Debug\libMSP-EXP430G2553LP_Wire.a(twi_sw.o)
                0x0000c86c                i2c_sw_start
 .text.i2c_sw_rxByte
                0x0000c8a8       0xb0 C:/Users/FatihKaya/Documents/CCS_MSP430_WS/MSP-EXP430G2553LP_Wire/Debug\libMSP-EXP430G2553LP_Wire.a(twi_sw.o)
                0x0000c8a8                i2c_sw_rxByte
 .text.i2c_sw_stop
                0x0000c958       0x38 C:/Users/FatihKaya/Documents/CCS_MSP430_WS/MSP-EXP430G2553LP_Wire/Debug\libMSP-EXP430G2553LP_Wire.a(twi_sw.o)
                0x0000c958                i2c_sw_stop
 .text.i2c_sw_write
                0x0000c990       0x58 C:/Users/FatihKaya/Documents/CCS_MSP430_WS/MSP-EXP430G2553LP_Wire/Debug\libMSP-EXP430G2553LP_Wire.a(twi_sw.o)
                0x0000c990                i2c_sw_write
 .text.i2c_sw_read
                0x0000c9e8       0x5a C:/Users/FatihKaya/Documents/CCS_MSP430_WS/MSP-EXP430G2553LP_Wire/Debug\libMSP-EXP430G2553LP_Wire.a(twi_sw.o)
                0x0000c9e8                i2c_sw_read
 .text.usci_isr_install
                0x0000ca42        0x2 C:/Users/FatihKaya/Documents/CCS_MSP430_WS/MSP-EXP430G2553LP_core/Debug\libMSP-EXP430G2553LP_core.a(usci_isr_handler.o)
                0x0000ca42                usci_isr_install
 .text.USCIAB0TX_ISR
                0x0000ca44       0x5a C:/Users/FatihKaya/Documents/CCS_MSP430_WS/MSP-EXP430G2553LP_core/Debug\libMSP-EXP430G2553LP_core.a(usci_isr_handler.o)
                0x0000ca44                USCIAB0TX_ISR
                0x0000ca44                __isr_6
 .text.USCIAB0RX_ISR
                0x0000ca9e       0x4c C:/Users/FatihKaya/Documents/CCS_MSP430_WS/MSP-EXP430G2553LP_core/Debug\libMSP-EXP430G2553LP_core.a(usci_isr_handler.o)
                0x0000ca9e                USCIAB0RX_ISR
                0x0000ca9e                __isr_7
 .text.enableXtal
                0x0000caea       0x42 C:/Users/FatihKaya/Documents/CCS_MSP430_WS/MSP-EXP430G2553LP_core/Debug\libMSP-EXP430G2553LP_core.a(wiring.o)
                0x0000caea                enableXtal
 .text.enableWatchDogIntervalMode
                0x0000cb2c        0xc C:/Users/FatihKaya/Documents/CCS_MSP430_WS/MSP-EXP430G2553LP_core/Debug\libMSP-EXP430G2553LP_core.a(wiring.o)
                0x0000cb2c                enableWatchDogIntervalMode
 .text.initClocks
                0x0000cb38       0x12 C:/Users/FatihKaya/Documents/CCS_MSP430_WS/MSP-EXP430G2553LP_core/Debug\libMSP-EXP430G2553LP_core.a(wiring.o)
                0x0000cb38                initClocks
 .text.init     0x0000cb4a       0x12 C:/Users/FatihKaya/Documents/CCS_MSP430_WS/MSP-EXP430G2553LP_core/Debug\libMSP-EXP430G2553LP_core.a(wiring.o)
                0x0000cb4a                init
 .text.micros   0x0000cb5c       0x24 C:/Users/FatihKaya/Documents/CCS_MSP430_WS/MSP-EXP430G2553LP_core/Debug\libMSP-EXP430G2553LP_core.a(wiring.o)
                0x0000cb5c                micros
 .text.delay    0x0000cb80       0x48 C:/Users/FatihKaya/Documents/CCS_MSP430_WS/MSP-EXP430G2553LP_core/Debug\libMSP-EXP430G2553LP_core.a(wiring.o)
                0x0000cb80                delay
 .text.watchdog_isr
                0x0000cbc8       0x82 C:/Users/FatihKaya/Documents/CCS_MSP430_WS/MSP-EXP430G2553LP_core/Debug\libMSP-EXP430G2553LP_core.a(wiring.o)
                0x0000cbc8                __isr_10
                0x0000cbc8                watchdog_isr
 .text.pinMode  0x0000cc4a       0x7a C:/Users/FatihKaya/Documents/CCS_MSP430_WS/MSP-EXP430G2553LP_core/Debug\libMSP-EXP430G2553LP_core.a(wiring_digital.o)
                0x0000cc4a                pinMode
 .text.pinMode_int
                0x0000ccc4       0xa4 C:/Users/FatihKaya/Documents/CCS_MSP430_WS/MSP-EXP430G2553LP_core/Debug\libMSP-EXP430G2553LP_core.a(wiring_digital.o)
                0x0000ccc4                pinMode_int
 .text.digitalRead
                0x0000cd68       0x3e C:/Users/FatihKaya/Documents/CCS_MSP430_WS/MSP-EXP430G2553LP_core/Debug\libMSP-EXP430G2553LP_core.a(wiring_digital.o)
                0x0000cd68                digitalRead
 .text._ZN14HardwareSerial9availableEv
                0x0000cda6       0x12 C:/Users/FatihKaya/Documents/CCS_MSP430_WS/MSP-EXP430G2553LP_core/Debug\libMSP-EXP430G2553LP_core.a(HardwareSerial.o)
                0x0000cda6                HardwareSerial::available()
 .text._ZN14HardwareSerial4peekEv
                0x0000cdb8       0x1e C:/Users/FatihKaya/Documents/CCS_MSP430_WS/MSP-EXP430G2553LP_core/Debug\libMSP-EXP430G2553LP_core.a(HardwareSerial.o)
                0x0000cdb8                HardwareSerial::peek()
 .text._ZN14HardwareSerial4readEv
                0x0000cdd6       0x2c C:/Users/FatihKaya/Documents/CCS_MSP430_WS/MSP-EXP430G2553LP_core/Debug\libMSP-EXP430G2553LP_core.a(HardwareSerial.o)
                0x0000cdd6                HardwareSerial::read()
 .text._ZN14HardwareSerial5flushEv
                0x0000ce02       0x12 C:/Users/FatihKaya/Documents/CCS_MSP430_WS/MSP-EXP430G2553LP_core/Debug\libMSP-EXP430G2553LP_core.a(HardwareSerial.o)
                0x0000ce02                HardwareSerial::flush()
 .text._ZN14HardwareSerial5writeEh
                0x0000ce14       0x3c C:/Users/FatihKaya/Documents/CCS_MSP430_WS/MSP-EXP430G2553LP_core/Debug\libMSP-EXP430G2553LP_core.a(HardwareSerial.o)
                0x0000ce14                HardwareSerial::write(unsigned char)
 .text._Z11serialEventv
                0x0000ce50        0x2 C:/Users/FatihKaya/Documents/CCS_MSP430_WS/MSP-EXP430G2553LP_core/Debug\libMSP-EXP430G2553LP_core.a(HardwareSerial.o)
                0x0000ce50                serialEvent()
 .text._Z14serialEventRunv
                0x0000ce52       0x12 C:/Users/FatihKaya/Documents/CCS_MSP430_WS/MSP-EXP430G2553LP_core/Debug\libMSP-EXP430G2553LP_core.a(HardwareSerial.o)
                0x0000ce52                serialEventRun()
 .text._ZN14HardwareSerial5beginEmh
                0x0000ce64      0x146 C:/Users/FatihKaya/Documents/CCS_MSP430_WS/MSP-EXP430G2553LP_core/Debug\libMSP-EXP430G2553LP_core.a(HardwareSerial.o)
                0x0000ce64                HardwareSerial::begin(unsigned long, unsigned char)
 .text.uart_rx_isr
                0x0000cfaa       0x28 C:/Users/FatihKaya/Documents/CCS_MSP430_WS/MSP-EXP430G2553LP_core/Debug\libMSP-EXP430G2553LP_core.a(HardwareSerial.o)
                0x0000cfaa                uart_rx_isr
 .text.uart_tx_isr
                0x0000cfd2       0x3c C:/Users/FatihKaya/Documents/CCS_MSP430_WS/MSP-EXP430G2553LP_core/Debug\libMSP-EXP430G2553LP_core.a(HardwareSerial.o)
                0x0000cfd2                uart_tx_isr
 .text.startup._GLOBAL__sub_I_rx_buffer
                0x0000d00e       0x44 C:/Users/FatihKaya/Documents/CCS_MSP430_WS/MSP-EXP430G2553LP_core/Debug\libMSP-EXP430G2553LP_core.a(HardwareSerial.o)
 .text._ZN5Print5writeEPKhj
                0x0000d052       0x2e C:/Users/FatihKaya/Documents/CCS_MSP430_WS/MSP-EXP430G2553LP_core/Debug\libMSP-EXP430G2553LP_core.a(Print.o)
                0x0000d052                Print::write(unsigned char const*, unsigned int)
 .text._ZN5Print5printEc
                0x0000d080        0x6 C:/Users/FatihKaya/Documents/CCS_MSP430_WS/MSP-EXP430G2553LP_core/Debug\libMSP-EXP430G2553LP_core.a(Print.o)
                0x0000d080                Print::print(char)
 .text._ZN5Print7printlnEv
                0x0000d086       0x22 C:/Users/FatihKaya/Documents/CCS_MSP430_WS/MSP-EXP430G2553LP_core/Debug\libMSP-EXP430G2553LP_core.a(Print.o)
                0x0000d086                Print::println()
 .text._ZN5Print11printNumberEmh
                0x0000d0a8       0x98 C:/Users/FatihKaya/Documents/CCS_MSP430_WS/MSP-EXP430G2553LP_core/Debug\libMSP-EXP430G2553LP_core.a(Print.o)
                0x0000d0a8                Print::printNumber(unsigned long, unsigned char)
 .text._ZN5Print5printEmi
                0x0000d140       0x1e C:/Users/FatihKaya/Documents/CCS_MSP430_WS/MSP-EXP430G2553LP_core/Debug\libMSP-EXP430G2553LP_core.a(Print.o)
                0x0000d140                Print::print(unsigned long, int)
 .text._ZN5Print5printEhi
                0x0000d15e        0xc C:/Users/FatihKaya/Documents/CCS_MSP430_WS/MSP-EXP430G2553LP_core/Debug\libMSP-EXP430G2553LP_core.a(Print.o)
                0x0000d15e                Print::print(unsigned char, int)
 .text._ZN5Print7printlnEhi
                0x0000d16a       0x1a C:/Users/FatihKaya/Documents/CCS_MSP430_WS/MSP-EXP430G2553LP_core/Debug\libMSP-EXP430G2553LP_core.a(Print.o)
                0x0000d16a                Print::println(unsigned char, int)
 .text.libgcc   0x0000d184       0x16 c:/ti/energia-1.6.10e18/hardware/tools/msp430/bin/../lib/gcc/msp430/4.6.3\libgcc.a(_mulqi3.o)
                0x0000d184                __mulqi3
 .text.libgcc   0x0000d19a       0x40 c:/ti/energia-1.6.10e18/hardware/tools/msp430/bin/../lib/gcc/msp430/4.6.3\libgcc.a(_udivmod32.o)
                0x0000d19a                __ext_udivmod32
                0x0000d19a                __udivsi3
                0x0000d1d0                __umodsi3
 .text.crt0     0x0000d1da        0x2 c:/ti/energia-1.6.10e18/hardware/tools/msp430/bin/../lib/gcc/msp430/4.6.3\libcrt0.a(_unexpected_.o)
                0x0000d1da                _unexpected_
                0x0000d1dc                . = ALIGN (0x2)

.rodata         0x0000d1dc       0x7a
                0x0000d1dc                . = ALIGN (0x2)
 *(.rodata .rodata.* .gnu.linkonce.r.*)
 .rodata._ZTV7TwoWire
                0x0000d1dc       0x10 C:/Users/FatihKaya/Documents/CCS_MSP430_WS/MSP-EXP430G2553LP_Wire/Debug\libMSP-EXP430G2553LP_Wire.a(Wire.o)
                0x0000d1dc                vtable for TwoWire
 .rodata.digital_pin_to_bit_mask
                0x0000d1ec       0x15 C:/Users/FatihKaya/Documents/CCS_MSP430_WS/MSP-EXP430G2553LP_core/Debug\libMSP-EXP430G2553LP_core.a(wiring_digital.o)
                0x0000d1ec                digital_pin_to_bit_mask
 .rodata.digital_pin_to_port
                0x0000d201       0x15 C:/Users/FatihKaya/Documents/CCS_MSP430_WS/MSP-EXP430G2553LP_core/Debug\libMSP-EXP430G2553LP_core.a(wiring_digital.o)
                0x0000d201                digital_pin_to_port
 .rodata.port_to_sel2
                0x0000d216        0x8 C:/Users/FatihKaya/Documents/CCS_MSP430_WS/MSP-EXP430G2553LP_core/Debug\libMSP-EXP430G2553LP_core.a(wiring_digital.o)
                0x0000d216                port_to_sel2
 .rodata.port_to_sel0
                0x0000d21e        0x8 C:/Users/FatihKaya/Documents/CCS_MSP430_WS/MSP-EXP430G2553LP_core/Debug\libMSP-EXP430G2553LP_core.a(wiring_digital.o)
                0x0000d21e                port_to_sel0
 .rodata.port_to_ren
                0x0000d226        0x8 C:/Users/FatihKaya/Documents/CCS_MSP430_WS/MSP-EXP430G2553LP_core/Debug\libMSP-EXP430G2553LP_core.a(wiring_digital.o)
                0x0000d226                port_to_ren
 .rodata.port_to_dir
                0x0000d22e        0x8 C:/Users/FatihKaya/Documents/CCS_MSP430_WS/MSP-EXP430G2553LP_core/Debug\libMSP-EXP430G2553LP_core.a(wiring_digital.o)
                0x0000d22e                port_to_dir
 .rodata.port_to_output
                0x0000d236        0x8 C:/Users/FatihKaya/Documents/CCS_MSP430_WS/MSP-EXP430G2553LP_core/Debug\libMSP-EXP430G2553LP_core.a(wiring_digital.o)
                0x0000d236                port_to_output
 .rodata.port_to_input
                0x0000d23e        0x8 C:/Users/FatihKaya/Documents/CCS_MSP430_WS/MSP-EXP430G2553LP_core/Debug\libMSP-EXP430G2553LP_core.a(wiring_digital.o)
                0x0000d23e                port_to_input
 .rodata._ZTV14HardwareSerial
                0x0000d246       0x10 C:/Users/FatihKaya/Documents/CCS_MSP430_WS/MSP-EXP430G2553LP_core/Debug\libMSP-EXP430G2553LP_core.a(HardwareSerial.o)
                0x0000d246                vtable for HardwareSerial
                0x0000d256                . = ALIGN (0x2)
                0x0000d256                _etext = .

.data           0x00000200        0x2 load address 0x0000d256
                0x00000200                . = ALIGN (0x2)
                0x00000200                PROVIDE (__data_start, .)
 *(.data .data.* .gnu.linkonce.d.*)
 .data.I2C_baseAddress
                0x00000200        0x2 C:/Users/FatihKaya/Documents/CCS_MSP430_WS/MSP-EXP430G2553LP_Wire/Debug\libMSP-EXP430G2553LP_Wire.a(twi.o)
                0x00000200                I2C_baseAddress
                0x00000202                . = ALIGN (0x2)
                0x00000202                _edata = .
                0x0000d256                PROVIDE (__data_load_start, LOADADDR (.data))
                0x00000002                PROVIDE (__data_size, SIZEOF (.data))

.bss            0x00000202       0xc8 load address 0x0000d258
                0x00000202                PROVIDE (__bss_start, .)
 *(.bss .bss.*)
 .bss.data      0x00000202        0x1 ./PROJE.o
                0x00000202                data
 *fill*         0x00000203        0x1 00
 .bss.Wire      0x00000204        0xc C:/Users/FatihKaya/Documents/CCS_MSP430_WS/MSP-EXP430G2553LP_Wire/Debug\libMSP-EXP430G2553LP_Wire.a(Wire.o)
                0x00000204                Wire
 .bss._ZN7TwoWire12transmittingE
                0x00000210        0x1 C:/Users/FatihKaya/Documents/CCS_MSP430_WS/MSP-EXP430G2553LP_Wire/Debug\libMSP-EXP430G2553LP_Wire.a(Wire.o)
                0x00000210                TwoWire::transmitting
 .bss._ZN7TwoWire14txBufferLengthE
                0x00000211        0x1 C:/Users/FatihKaya/Documents/CCS_MSP430_WS/MSP-EXP430G2553LP_Wire/Debug\libMSP-EXP430G2553LP_Wire.a(Wire.o)
                0x00000211                TwoWire::txBufferLength
 .bss._ZN7TwoWire13txBufferIndexE
                0x00000212        0x1 C:/Users/FatihKaya/Documents/CCS_MSP430_WS/MSP-EXP430G2553LP_Wire/Debug\libMSP-EXP430G2553LP_Wire.a(Wire.o)
                0x00000212                TwoWire::txBufferIndex
 .bss._ZN7TwoWire8txBufferE
                0x00000213       0x10 C:/Users/FatihKaya/Documents/CCS_MSP430_WS/MSP-EXP430G2553LP_Wire/Debug\libMSP-EXP430G2553LP_Wire.a(Wire.o)
                0x00000213                TwoWire::txBuffer
 .bss._ZN7TwoWire9txAddressE
                0x00000223        0x1 C:/Users/FatihKaya/Documents/CCS_MSP430_WS/MSP-EXP430G2553LP_Wire/Debug\libMSP-EXP430G2553LP_Wire.a(Wire.o)
                0x00000223                TwoWire::txAddress
 .bss._ZN7TwoWire14rxBufferLengthE
                0x00000224        0x1 C:/Users/FatihKaya/Documents/CCS_MSP430_WS/MSP-EXP430G2553LP_Wire/Debug\libMSP-EXP430G2553LP_Wire.a(Wire.o)
                0x00000224                TwoWire::rxBufferLength
 .bss._ZN7TwoWire13rxBufferIndexE
                0x00000225        0x1 C:/Users/FatihKaya/Documents/CCS_MSP430_WS/MSP-EXP430G2553LP_Wire/Debug\libMSP-EXP430G2553LP_Wire.a(Wire.o)
                0x00000225                TwoWire::rxBufferIndex
 .bss._ZN7TwoWire8rxBufferE
                0x00000226       0x10 C:/Users/FatihKaya/Documents/CCS_MSP430_WS/MSP-EXP430G2553LP_Wire/Debug\libMSP-EXP430G2553LP_Wire.a(Wire.o)
                0x00000226                TwoWire::rxBuffer
 .bss.twi_error
                0x00000236        0x1 C:/Users/FatihKaya/Documents/CCS_MSP430_WS/MSP-EXP430G2553LP_Wire/Debug\libMSP-EXP430G2553LP_Wire.a(twi.o)
 .bss.twi_rxBufferIndex
                0x00000237        0x1 C:/Users/FatihKaya/Documents/CCS_MSP430_WS/MSP-EXP430G2553LP_Wire/Debug\libMSP-EXP430G2553LP_Wire.a(twi.o)
 .bss.twi_txBufferLength
                0x00000238        0x1 C:/Users/FatihKaya/Documents/CCS_MSP430_WS/MSP-EXP430G2553LP_Wire/Debug\libMSP-EXP430G2553LP_Wire.a(twi.o)
 .bss.twi_txBufferIndex
                0x00000239        0x1 C:/Users/FatihKaya/Documents/CCS_MSP430_WS/MSP-EXP430G2553LP_Wire/Debug\libMSP-EXP430G2553LP_Wire.a(twi.o)
 .bss.twi_masterBufferIndex
                0x0000023a        0x1 C:/Users/FatihKaya/Documents/CCS_MSP430_WS/MSP-EXP430G2553LP_Wire/Debug\libMSP-EXP430G2553LP_Wire.a(twi.o)
 .bss.twi_inRepStart
                0x0000023b        0x1 C:/Users/FatihKaya/Documents/CCS_MSP430_WS/MSP-EXP430G2553LP_Wire/Debug\libMSP-EXP430G2553LP_Wire.a(twi.o)
 .bss.twi_sendStop
                0x0000023c        0x1 C:/Users/FatihKaya/Documents/CCS_MSP430_WS/MSP-EXP430G2553LP_Wire/Debug\libMSP-EXP430G2553LP_Wire.a(twi.o)
 .bss.twi_state
                0x0000023d        0x1 C:/Users/FatihKaya/Documents/CCS_MSP430_WS/MSP-EXP430G2553LP_Wire/Debug\libMSP-EXP430G2553LP_Wire.a(twi.o)
 .bss.twi_masterBufferLength
                0x0000023e        0x1 C:/Users/FatihKaya/Documents/CCS_MSP430_WS/MSP-EXP430G2553LP_Wire/Debug\libMSP-EXP430G2553LP_Wire.a(twi.o)
 .bss.twi_masterBuffer
                0x0000023f       0x10 C:/Users/FatihKaya/Documents/CCS_MSP430_WS/MSP-EXP430G2553LP_Wire/Debug\libMSP-EXP430G2553LP_Wire.a(twi.o)
 .bss.twi_txBuffer
                0x0000024f       0x10 C:/Users/FatihKaya/Documents/CCS_MSP430_WS/MSP-EXP430G2553LP_Wire/Debug\libMSP-EXP430G2553LP_Wire.a(twi.o)
 *fill*         0x0000025f        0x1 00
 .bss.twi_onSlaveReceive
                0x00000260        0x2 C:/Users/FatihKaya/Documents/CCS_MSP430_WS/MSP-EXP430G2553LP_Wire/Debug\libMSP-EXP430G2553LP_Wire.a(twi.o)
 .bss.twi_onSlaveTransmit
                0x00000262        0x2 C:/Users/FatihKaya/Documents/CCS_MSP430_WS/MSP-EXP430G2553LP_Wire/Debug\libMSP-EXP430G2553LP_Wire.a(twi.o)
 .bss.twi_rxBuffer
                0x00000264       0x10 C:/Users/FatihKaya/Documents/CCS_MSP430_WS/MSP-EXP430G2553LP_Wire/Debug\libMSP-EXP430G2553LP_Wire.a(twi.o)
 .bss.still_asleep
                0x00000274        0x1 C:/Users/FatihKaya/Documents/CCS_MSP430_WS/MSP-EXP430G2553LP_core/Debug\libMSP-EXP430G2553LP_core.a(usci_isr_handler.o)
 *fill*         0x00000275        0x1 00
 .bss.vlo_freq  0x00000276        0x2 C:/Users/FatihKaya/Documents/CCS_MSP430_WS/MSP-EXP430G2553LP_core/Debug\libMSP-EXP430G2553LP_core.a(wiring.o)
                0x00000276                vlo_freq
 .bss.stay_asleep
                0x00000278        0x1 C:/Users/FatihKaya/Documents/CCS_MSP430_WS/MSP-EXP430G2553LP_core/Debug\libMSP-EXP430G2553LP_core.a(wiring.o)
                0x00000278                stay_asleep
 .bss.sleeping  0x00000279        0x1 C:/Users/FatihKaya/Documents/CCS_MSP430_WS/MSP-EXP430G2553LP_core/Debug\libMSP-EXP430G2553LP_core.a(wiring.o)
                0x00000279                sleeping
 .bss.wdt_fract
                0x0000027a        0x2 C:/Users/FatihKaya/Documents/CCS_MSP430_WS/MSP-EXP430G2553LP_core/Debug\libMSP-EXP430G2553LP_core.a(wiring.o)
                0x0000027a                wdt_fract
 .bss.wdt_millis
                0x0000027c        0x4 C:/Users/FatihKaya/Documents/CCS_MSP430_WS/MSP-EXP430G2553LP_core/Debug\libMSP-EXP430G2553LP_core.a(wiring.o)
                0x0000027c                wdt_millis
 .bss.wdt_overflow_count
                0x00000280        0x4 C:/Users/FatihKaya/Documents/CCS_MSP430_WS/MSP-EXP430G2553LP_core/Debug\libMSP-EXP430G2553LP_core.a(wiring.o)
                0x00000280                wdt_overflow_count
 .bss.Serial    0x00000284       0x1a C:/Users/FatihKaya/Documents/CCS_MSP430_WS/MSP-EXP430G2553LP_core/Debug\libMSP-EXP430G2553LP_core.a(HardwareSerial.o)
                0x00000284                Serial
 .bss.tx_buffer
                0x0000029e       0x14 C:/Users/FatihKaya/Documents/CCS_MSP430_WS/MSP-EXP430G2553LP_core/Debug\libMSP-EXP430G2553LP_core.a(HardwareSerial.o)
                0x0000029e                tx_buffer
 .bss.rx_buffer
                0x000002b2       0x14 C:/Users/FatihKaya/Documents/CCS_MSP430_WS/MSP-EXP430G2553LP_core/Debug\libMSP-EXP430G2553LP_core.a(HardwareSerial.o)
                0x000002b2                rx_buffer
 *(COMMON)
 COMMON         0x000002c6        0x4 C:/Users/FatihKaya/Documents/CCS_MSP430_WS/MSP-EXP430G2553LP_core/Debug\libMSP-EXP430G2553LP_core.a(wiring.o)
                0x000002c6                SMILLIS_INC
                0x000002c8                SFRACT_INC
                0x000002ca                . = ALIGN (0x2)
                0x000002ca                PROVIDE (__bss_end, .)
                0x000000c8                PROVIDE (__bss_size, SIZEOF (.bss))

.noinit         0x000002ca        0x2 load address 0x0000d258
                0x000002ca                PROVIDE (__noinit_start, .)
 *(.noinit .noinit.*)
 .noinit.crt0   0x000002ca        0x2 c:/ti/energia-1.6.10e18/hardware/tools/msp430/bin/../lib/gcc/msp430/4.6.3\libcrt0.a(__watchdog_support.o)
                0x000002ca                __wdt_clear_value
                0x000002cc                . = ALIGN (0x2)
                0x000002cc                PROVIDE (__noinit_end, .)
                0x000002cc                . = ALIGN (0x2)
                0x000002cc                _end = .

.infomem        0x00001000        0x0
 *(.infomem)
                0x00001000                . = ALIGN (0x2)
 *(.infomem.*)

.infomemnobits  0x00001000        0x0
 *(.infomemnobits)
                0x00001000                . = ALIGN (0x2)
 *(.infomemnobits.*)

.infoa
 *(.infoa .infoa.*)

.infob
 *(.infob .infob.*)

.infoc
 *(.infoc .infoc.*)

.infod
 *(.infod .infod.*)

.vectors        0x0000ffe0       0x20
                0x0000ffe0                PROVIDE (__vectors_start, .)
 *(.vectors*)
 .vectors       0x0000ffe0       0x20 c:/ti/energia-1.6.10e18/hardware/tools/msp430/bin/../lib/gcc/msp430/4.6.3/crt0ivtbl16.o
                0x0000ffe0                __ivtbl_16
                0x00010000                _vectors_end = .

.fartext        0x00000000        0x0
                0x00000000                . = ALIGN (0x2)
 *(.fartext)
                0x00000000                . = ALIGN (0x2)
 *(.fartext.*)
                0x00000000                _efartext = .

.profiler
 *(.profiler)

.stab
 *(.stab)

.stabstr
 *(.stabstr)

.stab.excl
 *(.stab.excl)

.stab.exclstr
 *(.stab.exclstr)

.stab.index
 *(.stab.index)

.stab.indexstr
 *(.stab.indexstr)

.comment
 *(.comment)

.debug
 *(.debug)

.line
 *(.line)

.debug_srcinfo
 *(.debug_srcinfo)

.debug_sfnames
 *(.debug_sfnames)

.debug_aranges  0x00000000      0x7c0
 *(.debug_aranges)
 .debug_aranges
                0x00000000       0x34 ./PROJE.o
 .debug_aranges
                0x00000034       0x74 C:/Users/FatihKaya/Documents/CCS_MSP430_WS/MSP-EXP430G2553LP_Wire/Debug\libMSP-EXP430G2553LP_Wire.a(Wire.o)
 .debug_aranges
                0x000000a8       0x3c C:/Users/FatihKaya/Documents/CCS_MSP430_WS/MSP-EXP430G2553LP_Wire/Debug\libMSP-EXP430G2553LP_Wire.a(twi.o)
 .debug_aranges
                0x000000e4       0x30 C:/Users/FatihKaya/Documents/CCS_MSP430_WS/MSP-EXP430G2553LP_Wire/Debug\libMSP-EXP430G2553LP_Wire.a(twi_sw.o)
 .debug_aranges
                0x00000114       0x24 C:/Users/FatihKaya/Documents/CCS_MSP430_WS/MSP-EXP430G2553LP_core/Debug\libMSP-EXP430G2553LP_core.a(usci_isr_handler.o)
 .debug_aranges
                0x00000138       0x48 C:/Users/FatihKaya/Documents/CCS_MSP430_WS/MSP-EXP430G2553LP_core/Debug\libMSP-EXP430G2553LP_core.a(wiring.o)
 .debug_aranges
                0x00000180       0x20 C:/Users/FatihKaya/Documents/CCS_MSP430_WS/MSP-EXP430G2553LP_core/Debug\libMSP-EXP430G2553LP_core.a(wiring_digital.o)
 .debug_aranges
                0x000001a0       0x44 C:/Users/FatihKaya/Documents/CCS_MSP430_WS/MSP-EXP430G2553LP_core/Debug\libMSP-EXP430G2553LP_core.a(HardwareSerial.o)
 .debug_aranges
                0x000001e4       0x14 C:/Users/FatihKaya/Documents/CCS_MSP430_WS/MSP-EXP430G2553LP_core/Debug\libMSP-EXP430G2553LP_core.a(main.o)
 .debug_aranges
                0x000001f8       0x30 C:/Users/FatihKaya/Documents/CCS_MSP430_WS/MSP-EXP430G2553LP_core/Debug\libMSP-EXP430G2553LP_core.a(new.o)
 .debug_aranges
                0x00000228       0x70 C:/Users/FatihKaya/Documents/CCS_MSP430_WS/MSP-EXP430G2553LP_core/Debug\libMSP-EXP430G2553LP_core.a(Print.o)
 .debug_aranges
                0x00000298      0x148 C:/Users/FatihKaya/Documents/CCS_MSP430_WS/MSP-EXP430G2553LP_core/Debug\libMSP-EXP430G2553LP_core.a(WString.o)
 .debug_aranges
                0x000003e0       0x14 C:/Users/FatihKaya/Documents/CCS_MSP430_WS/MSP-EXP430G2553LP_core/Debug\libMSP-EXP430G2553LP_core.a(atof.o)
 .debug_aranges
                0x000003f4       0x14 C:/Users/FatihKaya/Documents/CCS_MSP430_WS/MSP-EXP430G2553LP_core/Debug\libMSP-EXP430G2553LP_core.a(dtostrf.o)
 .debug_aranges
                0x00000408       0x20 C:/Users/FatihKaya/Documents/CCS_MSP430_WS/MSP-EXP430G2553LP_core/Debug\libMSP-EXP430G2553LP_core.a(itoa.o)
 .debug_aranges
                0x00000428       0x14 c:/ti/energia-1.6.10e18/hardware/tools/msp430/bin/../lib/gcc/msp430/4.6.3/../../../../msp430/lib\libm.a(ef_pow.o)
 .debug_aranges
                0x0000043c       0x14 c:/ti/energia-1.6.10e18/hardware/tools/msp430/bin/../lib/gcc/msp430/4.6.3/../../../../msp430/lib\libm.a(sf_scalbn.o)
 .debug_aranges
                0x00000450       0x14 c:/ti/energia-1.6.10e18/hardware/tools/msp430/bin/../lib/gcc/msp430/4.6.3/../../../../msp430/lib\libm.a(ef_sqrt.o)
 .debug_aranges
                0x00000464       0x14 c:/ti/energia-1.6.10e18/hardware/tools/msp430/bin/../lib/gcc/msp430/4.6.3\libgcc.a(_mulqi3.o)
 .debug_aranges
                0x00000478       0x14 c:/ti/energia-1.6.10e18/hardware/tools/msp430/bin/../lib/gcc/msp430/4.6.3\libgcc.a(_mulhi3.o)
 .debug_aranges
                0x0000048c       0x14 c:/ti/energia-1.6.10e18/hardware/tools/msp430/bin/../lib/gcc/msp430/4.6.3\libgcc.a(_mulsi3.o)
 .debug_aranges
                0x000004a0       0x14 c:/ti/energia-1.6.10e18/hardware/tools/msp430/bin/../lib/gcc/msp430/4.6.3\libgcc.a(_udivmod16.o)
 .debug_aranges
                0x000004b4       0x14 c:/ti/energia-1.6.10e18/hardware/tools/msp430/bin/../lib/gcc/msp430/4.6.3\libgcc.a(_udivmod32.o)
 .debug_aranges
                0x000004c8       0x14 c:/ti/energia-1.6.10e18/hardware/tools/msp430/bin/../lib/gcc/msp430/4.6.3\libgcc.a(_fixunssfsi.o)
 .debug_aranges
                0x000004dc       0x14 c:/ti/energia-1.6.10e18/hardware/tools/msp430/bin/../lib/gcc/msp430/4.6.3\libgcc.a(_addsub_sf.o)
 .debug_aranges
                0x000004f0       0x14 c:/ti/energia-1.6.10e18/hardware/tools/msp430/bin/../lib/gcc/msp430/4.6.3\libgcc.a(_mul_sf.o)
 .debug_aranges
                0x00000504       0x14 c:/ti/energia-1.6.10e18/hardware/tools/msp430/bin/../lib/gcc/msp430/4.6.3\libgcc.a(_div_sf.o)
 .debug_aranges
                0x00000518       0x14 c:/ti/energia-1.6.10e18/hardware/tools/msp430/bin/../lib/gcc/msp430/4.6.3\libgcc.a(_gt_sf.o)
 .debug_aranges
                0x0000052c       0x14 c:/ti/energia-1.6.10e18/hardware/tools/msp430/bin/../lib/gcc/msp430/4.6.3\libgcc.a(_ge_sf.o)
 .debug_aranges
                0x00000540       0x14 c:/ti/energia-1.6.10e18/hardware/tools/msp430/bin/../lib/gcc/msp430/4.6.3\libgcc.a(_lt_sf.o)
 .debug_aranges
                0x00000554       0x14 c:/ti/energia-1.6.10e18/hardware/tools/msp430/bin/../lib/gcc/msp430/4.6.3\libgcc.a(_le_sf.o)
 .debug_aranges
                0x00000568       0x14 c:/ti/energia-1.6.10e18/hardware/tools/msp430/bin/../lib/gcc/msp430/4.6.3\libgcc.a(_si_to_sf.o)
 .debug_aranges
                0x0000057c       0x14 c:/ti/energia-1.6.10e18/hardware/tools/msp430/bin/../lib/gcc/msp430/4.6.3\libgcc.a(_sf_to_si.o)
 .debug_aranges
                0x00000590       0x14 c:/ti/energia-1.6.10e18/hardware/tools/msp430/bin/../lib/gcc/msp430/4.6.3\libgcc.a(_usi_to_sf.o)
 .debug_aranges
                0x000005a4       0x14 c:/ti/energia-1.6.10e18/hardware/tools/msp430/bin/../lib/gcc/msp430/4.6.3\libgcc.a(_clzsi2.o)
 .debug_aranges
                0x000005b8       0x14 c:/ti/energia-1.6.10e18/hardware/tools/msp430/bin/../lib/gcc/msp430/4.6.3\libgcc.a(_pack_sf.o)
 .debug_aranges
                0x000005cc       0x14 c:/ti/energia-1.6.10e18/hardware/tools/msp430/bin/../lib/gcc/msp430/4.6.3\libgcc.a(_unpack_sf.o)
 .debug_aranges
                0x000005e0       0x14 c:/ti/energia-1.6.10e18/hardware/tools/msp430/bin/../lib/gcc/msp430/4.6.3\libgcc.a(_fpcmp_parts_sf.o)
 .debug_aranges
                0x000005f4       0x14 c:/ti/energia-1.6.10e18/hardware/tools/msp430/bin/../lib/gcc/msp430/4.6.3/../../../../msp430/lib\libc.a(strchr.o)
 .debug_aranges
                0x00000608       0x14 c:/ti/energia-1.6.10e18/hardware/tools/msp430/bin/../lib/gcc/msp430/4.6.3/../../../../msp430/lib\libc.a(strcmp.o)
 .debug_aranges
                0x0000061c       0x14 c:/ti/energia-1.6.10e18/hardware/tools/msp430/bin/../lib/gcc/msp430/4.6.3/../../../../msp430/lib\libc.a(strncmp.o)
 .debug_aranges
                0x00000630       0x14 c:/ti/energia-1.6.10e18/hardware/tools/msp430/bin/../lib/gcc/msp430/4.6.3/../../../../msp430/lib\libc.a(strcpy.o)
 .debug_aranges
                0x00000644       0x14 c:/ti/energia-1.6.10e18/hardware/tools/msp430/bin/../lib/gcc/msp430/4.6.3/../../../../msp430/lib\libc.a(strncpy.o)
 .debug_aranges
                0x00000658       0x14 c:/ti/energia-1.6.10e18/hardware/tools/msp430/bin/../lib/gcc/msp430/4.6.3/../../../../msp430/lib\libc.a(memcpy.o)
 .debug_aranges
                0x0000066c       0x14 c:/ti/energia-1.6.10e18/hardware/tools/msp430/bin/../lib/gcc/msp430/4.6.3/../../../../msp430/lib\libc.a(memmove.o)
 .debug_aranges
                0x00000680       0x14 c:/ti/energia-1.6.10e18/hardware/tools/msp430/bin/../lib/gcc/msp430/4.6.3/../../../../msp430/lib\libc.a(strrchr.o)
 .debug_aranges
                0x00000694       0x14 c:/ti/energia-1.6.10e18/hardware/tools/msp430/bin/../lib/gcc/msp430/4.6.3/../../../../msp430/lib\libc.a(strstr.o)
 .debug_aranges
                0x000006a8       0x14 c:/ti/energia-1.6.10e18/hardware/tools/msp430/bin/../lib/gcc/msp430/4.6.3/../../../../msp430/lib\libc.a(atol.o)
 .debug_aranges
                0x000006bc       0x14 c:/ti/energia-1.6.10e18/hardware/tools/msp430/bin/../lib/gcc/msp430/4.6.3/../../../../msp430/lib\libc.a(malloc.o)
 .debug_aranges
                0x000006d0       0x14 c:/ti/energia-1.6.10e18/hardware/tools/msp430/bin/../lib/gcc/msp430/4.6.3/../../../../msp430/lib\libc.a(strtol.o)
 .debug_aranges
                0x000006e4       0x14 c:/ti/energia-1.6.10e18/hardware/tools/msp430/bin/../lib/gcc/msp430/4.6.3/../../../../msp430/lib\libc.a(sprintf.o)
 .debug_aranges
                0x000006f8       0x14 c:/ti/energia-1.6.10e18/hardware/tools/msp430/bin/../lib/gcc/msp430/4.6.3/../../../../msp430/lib\libc.a(vuprintf.o)
 .debug_aranges
                0x0000070c       0x14 c:/ti/energia-1.6.10e18/hardware/tools/msp430/bin/../lib/gcc/msp430/4.6.3\libgcc.a(_divmod32.o)
 .debug_aranges
                0x00000720       0x14 c:/ti/energia-1.6.10e18/hardware/tools/msp430/bin/../lib/gcc/msp430/4.6.3\libgcc.a(_udivmod64.o)
 .debug_aranges
                0x00000734       0x14 c:/ti/energia-1.6.10e18/hardware/tools/msp430/bin/../lib/gcc/msp430/4.6.3\libcrt0.a(__watchdog_support.o)
 .debug_aranges
                0x00000748       0x14 c:/ti/energia-1.6.10e18/hardware/tools/msp430/bin/../lib/gcc/msp430/4.6.3\libcrt0.a(__init_stack.o)
 .debug_aranges
                0x0000075c       0x14 c:/ti/energia-1.6.10e18/hardware/tools/msp430/bin/../lib/gcc/msp430/4.6.3\libcrt0.a(_copy_data.o)
 .debug_aranges
                0x00000770       0x14 c:/ti/energia-1.6.10e18/hardware/tools/msp430/bin/../lib/gcc/msp430/4.6.3\libcrt0.a(_clear_bss.o)
 .debug_aranges
                0x00000784       0x14 c:/ti/energia-1.6.10e18/hardware/tools/msp430/bin/../lib/gcc/msp430/4.6.3\libcrt0.a(_endless_loop__.o)
 .debug_aranges
                0x00000798       0x14 c:/ti/energia-1.6.10e18/hardware/tools/msp430/bin/../lib/gcc/msp430/4.6.3\libcrt0.a(_unexpected_.o)
 .debug_aranges
                0x000007ac       0x14 c:/ti/energia-1.6.10e18/hardware/tools/msp430/bin/../lib/gcc/msp430/4.6.3\libcrt0.a(_ctors430.o)

.debug_pubnames
 *(.debug_pubnames)

.debug_info     0x00000000     0xfcfc
 *(.debug_info)
 .debug_info    0x00000000      0x5a5 ./PROJE.o
 .debug_info    0x000005a5     0x20ac C:/Users/FatihKaya/Documents/CCS_MSP430_WS/MSP-EXP430G2553LP_Wire/Debug\libMSP-EXP430G2553LP_Wire.a(Wire.o)
 .debug_info    0x00002651      0x698 C:/Users/FatihKaya/Documents/CCS_MSP430_WS/MSP-EXP430G2553LP_Wire/Debug\libMSP-EXP430G2553LP_Wire.a(twi.o)
 .debug_info    0x00002ce9      0x428 C:/Users/FatihKaya/Documents/CCS_MSP430_WS/MSP-EXP430G2553LP_Wire/Debug\libMSP-EXP430G2553LP_Wire.a(twi_sw.o)
 .debug_info    0x00003111      0x340 C:/Users/FatihKaya/Documents/CCS_MSP430_WS/MSP-EXP430G2553LP_core/Debug\libMSP-EXP430G2553LP_core.a(usci_isr_handler.o)
 .debug_info    0x00003451      0x5c0 C:/Users/FatihKaya/Documents/CCS_MSP430_WS/MSP-EXP430G2553LP_core/Debug\libMSP-EXP430G2553LP_core.a(wiring.o)
 .debug_info    0x00003a11      0x936 C:/Users/FatihKaya/Documents/CCS_MSP430_WS/MSP-EXP430G2553LP_core/Debug\libMSP-EXP430G2553LP_core.a(wiring_digital.o)
 .debug_info    0x00004347     0x1d98 C:/Users/FatihKaya/Documents/CCS_MSP430_WS/MSP-EXP430G2553LP_core/Debug\libMSP-EXP430G2553LP_core.a(HardwareSerial.o)
 .debug_info    0x000060df      0x277 C:/Users/FatihKaya/Documents/CCS_MSP430_WS/MSP-EXP430G2553LP_core/Debug\libMSP-EXP430G2553LP_core.a(main.o)
 .debug_info    0x00006356      0x190 C:/Users/FatihKaya/Documents/CCS_MSP430_WS/MSP-EXP430G2553LP_core/Debug\libMSP-EXP430G2553LP_core.a(new.o)
 .debug_info    0x000064e6     0x1edf C:/Users/FatihKaya/Documents/CCS_MSP430_WS/MSP-EXP430G2553LP_core/Debug\libMSP-EXP430G2553LP_core.a(Print.o)
 .debug_info    0x000083c5     0x2b11 C:/Users/FatihKaya/Documents/CCS_MSP430_WS/MSP-EXP430G2553LP_core/Debug\libMSP-EXP430G2553LP_core.a(WString.o)
 .debug_info    0x0000aed6       0xd8 C:/Users/FatihKaya/Documents/CCS_MSP430_WS/MSP-EXP430G2553LP_core/Debug\libMSP-EXP430G2553LP_core.a(atof.o)
 .debug_info    0x0000afae      0x124 C:/Users/FatihKaya/Documents/CCS_MSP430_WS/MSP-EXP430G2553LP_core/Debug\libMSP-EXP430G2553LP_core.a(dtostrf.o)
 .debug_info    0x0000b0d2      0x221 C:/Users/FatihKaya/Documents/CCS_MSP430_WS/MSP-EXP430G2553LP_core/Debug\libMSP-EXP430G2553LP_core.a(itoa.o)
 .debug_info    0x0000b2f3      0x5ea c:/ti/energia-1.6.10e18/hardware/tools/msp430/bin/../lib/gcc/msp430/4.6.3/../../../../msp430/lib\libm.a(ef_pow.o)
 .debug_info    0x0000b8dd      0x1e4 c:/ti/energia-1.6.10e18/hardware/tools/msp430/bin/../lib/gcc/msp430/4.6.3/../../../../msp430/lib\libm.a(sf_scalbn.o)
 .debug_info    0x0000bac1      0x208 c:/ti/energia-1.6.10e18/hardware/tools/msp430/bin/../lib/gcc/msp430/4.6.3/../../../../msp430/lib\libm.a(ef_sqrt.o)
 .debug_info    0x0000bcc9       0x8d c:/ti/energia-1.6.10e18/hardware/tools/msp430/bin/../lib/gcc/msp430/4.6.3\libgcc.a(_mulqi3.o)
 .debug_info    0x0000bd56       0x8d c:/ti/energia-1.6.10e18/hardware/tools/msp430/bin/../lib/gcc/msp430/4.6.3\libgcc.a(_mulhi3.o)
 .debug_info    0x0000bde3       0x8d c:/ti/energia-1.6.10e18/hardware/tools/msp430/bin/../lib/gcc/msp430/4.6.3\libgcc.a(_mulsi3.o)
 .debug_info    0x0000be70       0x8d c:/ti/energia-1.6.10e18/hardware/tools/msp430/bin/../lib/gcc/msp430/4.6.3\libgcc.a(_udivmod16.o)
 .debug_info    0x0000befd       0x8d c:/ti/energia-1.6.10e18/hardware/tools/msp430/bin/../lib/gcc/msp430/4.6.3\libgcc.a(_udivmod32.o)
 .debug_info    0x0000bf8a       0xb5 c:/ti/energia-1.6.10e18/hardware/tools/msp430/bin/../lib/gcc/msp430/4.6.3\libgcc.a(_fixunssfsi.o)
 .debug_info    0x0000c03f      0x425 c:/ti/energia-1.6.10e18/hardware/tools/msp430/bin/../lib/gcc/msp430/4.6.3\libgcc.a(_addsub_sf.o)
 .debug_info    0x0000c464      0x3c9 c:/ti/energia-1.6.10e18/hardware/tools/msp430/bin/../lib/gcc/msp430/4.6.3\libgcc.a(_mul_sf.o)
 .debug_info    0x0000c82d      0x35c c:/ti/energia-1.6.10e18/hardware/tools/msp430/bin/../lib/gcc/msp430/4.6.3\libgcc.a(_div_sf.o)
 .debug_info    0x0000cb89      0x26e c:/ti/energia-1.6.10e18/hardware/tools/msp430/bin/../lib/gcc/msp430/4.6.3\libgcc.a(_gt_sf.o)
 .debug_info    0x0000cdf7      0x26e c:/ti/energia-1.6.10e18/hardware/tools/msp430/bin/../lib/gcc/msp430/4.6.3\libgcc.a(_ge_sf.o)
 .debug_info    0x0000d065      0x26e c:/ti/energia-1.6.10e18/hardware/tools/msp430/bin/../lib/gcc/msp430/4.6.3\libgcc.a(_lt_sf.o)
 .debug_info    0x0000d2d3      0x26e c:/ti/energia-1.6.10e18/hardware/tools/msp430/bin/../lib/gcc/msp430/4.6.3\libgcc.a(_le_sf.o)
 .debug_info    0x0000d541      0x20b c:/ti/energia-1.6.10e18/hardware/tools/msp430/bin/../lib/gcc/msp430/4.6.3\libgcc.a(_si_to_sf.o)
 .debug_info    0x0000d74c      0x289 c:/ti/energia-1.6.10e18/hardware/tools/msp430/bin/../lib/gcc/msp430/4.6.3\libgcc.a(_sf_to_si.o)
 .debug_info    0x0000d9d5      0x144 c:/ti/energia-1.6.10e18/hardware/tools/msp430/bin/../lib/gcc/msp430/4.6.3\libgcc.a(_thenan_sf.o)
 .debug_info    0x0000db19      0x204 c:/ti/energia-1.6.10e18/hardware/tools/msp430/bin/../lib/gcc/msp430/4.6.3\libgcc.a(_usi_to_sf.o)
 .debug_info    0x0000dd1d      0x109 c:/ti/energia-1.6.10e18/hardware/tools/msp430/bin/../lib/gcc/msp430/4.6.3\libgcc.a(_clzsi2.o)
 .debug_info    0x0000de26      0x2b1 c:/ti/energia-1.6.10e18/hardware/tools/msp430/bin/../lib/gcc/msp430/4.6.3\libgcc.a(_pack_sf.o)
 .debug_info    0x0000e0d7      0x23e c:/ti/energia-1.6.10e18/hardware/tools/msp430/bin/../lib/gcc/msp430/4.6.3\libgcc.a(_unpack_sf.o)
 .debug_info    0x0000e315      0x1d5 c:/ti/energia-1.6.10e18/hardware/tools/msp430/bin/../lib/gcc/msp430/4.6.3\libgcc.a(_fpcmp_parts_sf.o)
 .debug_info    0x0000e4ea       0xa0 c:/ti/energia-1.6.10e18/hardware/tools/msp430/bin/../lib/gcc/msp430/4.6.3\libgcc.a(_clz.o)
 .debug_info    0x0000e58a       0xa7 c:/ti/energia-1.6.10e18/hardware/tools/msp430/bin/../lib/gcc/msp430/4.6.3/../../../../msp430/lib\libc.a(strchr.o)
 .debug_info    0x0000e631       0xa4 c:/ti/energia-1.6.10e18/hardware/tools/msp430/bin/../lib/gcc/msp430/4.6.3/../../../../msp430/lib\libc.a(strcmp.o)
 .debug_info    0x0000e6d5       0xbb c:/ti/energia-1.6.10e18/hardware/tools/msp430/bin/../lib/gcc/msp430/4.6.3/../../../../msp430/lib\libc.a(strncmp.o)
 .debug_info    0x0000e790       0xb6 c:/ti/energia-1.6.10e18/hardware/tools/msp430/bin/../lib/gcc/msp430/4.6.3/../../../../msp430/lib\libc.a(strcpy.o)
 .debug_info    0x0000e846       0xe1 c:/ti/energia-1.6.10e18/hardware/tools/msp430/bin/../lib/gcc/msp430/4.6.3/../../../../msp430/lib\libc.a(strncpy.o)
 .debug_info    0x0000e927      0x113 c:/ti/energia-1.6.10e18/hardware/tools/msp430/bin/../lib/gcc/msp430/4.6.3/../../../../msp430/lib\libc.a(memcpy.o)
 .debug_info    0x0000ea3a      0x113 c:/ti/energia-1.6.10e18/hardware/tools/msp430/bin/../lib/gcc/msp430/4.6.3/../../../../msp430/lib\libc.a(memmove.o)
 .debug_info    0x0000eb4d       0xb7 c:/ti/energia-1.6.10e18/hardware/tools/msp430/bin/../lib/gcc/msp430/4.6.3/../../../../msp430/lib\libc.a(strrchr.o)
 .debug_info    0x0000ec04       0xe0 c:/ti/energia-1.6.10e18/hardware/tools/msp430/bin/../lib/gcc/msp430/4.6.3/../../../../msp430/lib\libc.a(strstr.o)
 .debug_info    0x0000ece4       0x95 c:/ti/energia-1.6.10e18/hardware/tools/msp430/bin/../lib/gcc/msp430/4.6.3/../../../../msp430/lib\libc.a(atol.o)
 .debug_info    0x0000ed79      0x151 c:/ti/energia-1.6.10e18/hardware/tools/msp430/bin/../lib/gcc/msp430/4.6.3/../../../../msp430/lib\libc.a(malloc.o)
 .debug_info    0x0000eeca      0x1d7 c:/ti/energia-1.6.10e18/hardware/tools/msp430/bin/../lib/gcc/msp430/4.6.3/../../../../msp430/lib\libc.a(strtol.o)
 .debug_info    0x0000f0a1      0x277 c:/ti/energia-1.6.10e18/hardware/tools/msp430/bin/../lib/gcc/msp430/4.6.3/../../../../msp430/lib\libc.a(sprintf.o)
 .debug_info    0x0000f318      0x565 c:/ti/energia-1.6.10e18/hardware/tools/msp430/bin/../lib/gcc/msp430/4.6.3/../../../../msp430/lib\libc.a(vuprintf.o)
 .debug_info    0x0000f87d       0x39 c:/ti/energia-1.6.10e18/hardware/tools/msp430/bin/../lib/gcc/msp430/4.6.3/../../../../msp430/lib\libc.a(errno.o)
 .debug_info    0x0000f8b6       0x8d c:/ti/energia-1.6.10e18/hardware/tools/msp430/bin/../lib/gcc/msp430/4.6.3\libgcc.a(_divmod32.o)
 .debug_info    0x0000f943       0x8d c:/ti/energia-1.6.10e18/hardware/tools/msp430/bin/../lib/gcc/msp430/4.6.3\libgcc.a(_udivmod64.o)
 .debug_info    0x0000f9d0       0x74 c:/ti/energia-1.6.10e18/hardware/tools/msp430/bin/../lib/gcc/msp430/4.6.3\libcrt0.a(__watchdog_support.o)
 .debug_info    0x0000fa44       0x74 c:/ti/energia-1.6.10e18/hardware/tools/msp430/bin/../lib/gcc/msp430/4.6.3\libcrt0.a(__init_stack.o)
 .debug_info    0x0000fab8       0x74 c:/ti/energia-1.6.10e18/hardware/tools/msp430/bin/../lib/gcc/msp430/4.6.3\libcrt0.a(_copy_data.o)
 .debug_info    0x0000fb2c       0x74 c:/ti/energia-1.6.10e18/hardware/tools/msp430/bin/../lib/gcc/msp430/4.6.3\libcrt0.a(_clear_bss.o)
 .debug_info    0x0000fba0       0x74 c:/ti/energia-1.6.10e18/hardware/tools/msp430/bin/../lib/gcc/msp430/4.6.3\libcrt0.a(_endless_loop__.o)
 .debug_info    0x0000fc14       0x74 c:/ti/energia-1.6.10e18/hardware/tools/msp430/bin/../lib/gcc/msp430/4.6.3\libcrt0.a(_unexpected_.o)
 .debug_info    0x0000fc88       0x74 c:/ti/energia-1.6.10e18/hardware/tools/msp430/bin/../lib/gcc/msp430/4.6.3\libcrt0.a(_ctors430.o)
 *(.gnu.linkonce.wi.*)

.debug_abbrev   0x00000000     0x4031
 *(.debug_abbrev)
 .debug_abbrev  0x00000000      0x182 ./PROJE.o
 .debug_abbrev  0x00000182      0x481 C:/Users/FatihKaya/Documents/CCS_MSP430_WS/MSP-EXP430G2553LP_Wire/Debug\libMSP-EXP430G2553LP_Wire.a(Wire.o)
 .debug_abbrev  0x00000603      0x1ca C:/Users/FatihKaya/Documents/CCS_MSP430_WS/MSP-EXP430G2553LP_Wire/Debug\libMSP-EXP430G2553LP_Wire.a(twi.o)
 .debug_abbrev  0x000007cd       0xfa C:/Users/FatihKaya/Documents/CCS_MSP430_WS/MSP-EXP430G2553LP_Wire/Debug\libMSP-EXP430G2553LP_Wire.a(twi_sw.o)
 .debug_abbrev  0x000008c7      0x11b C:/Users/FatihKaya/Documents/CCS_MSP430_WS/MSP-EXP430G2553LP_core/Debug\libMSP-EXP430G2553LP_core.a(usci_isr_handler.o)
 .debug_abbrev  0x000009e2      0x1eb C:/Users/FatihKaya/Documents/CCS_MSP430_WS/MSP-EXP430G2553LP_core/Debug\libMSP-EXP430G2553LP_core.a(wiring.o)
 .debug_abbrev  0x00000bcd      0x15d C:/Users/FatihKaya/Documents/CCS_MSP430_WS/MSP-EXP430G2553LP_core/Debug\libMSP-EXP430G2553LP_core.a(wiring_digital.o)
 .debug_abbrev  0x00000d2a      0x4b0 C:/Users/FatihKaya/Documents/CCS_MSP430_WS/MSP-EXP430G2553LP_core/Debug\libMSP-EXP430G2553LP_core.a(HardwareSerial.o)
 .debug_abbrev  0x000011da       0x91 C:/Users/FatihKaya/Documents/CCS_MSP430_WS/MSP-EXP430G2553LP_core/Debug\libMSP-EXP430G2553LP_core.a(main.o)
 .debug_abbrev  0x0000126b       0xee C:/Users/FatihKaya/Documents/CCS_MSP430_WS/MSP-EXP430G2553LP_core/Debug\libMSP-EXP430G2553LP_core.a(new.o)
 .debug_abbrev  0x00001359      0x396 C:/Users/FatihKaya/Documents/CCS_MSP430_WS/MSP-EXP430G2553LP_core/Debug\libMSP-EXP430G2553LP_core.a(Print.o)
 .debug_abbrev  0x000016ef      0x3a9 C:/Users/FatihKaya/Documents/CCS_MSP430_WS/MSP-EXP430G2553LP_core/Debug\libMSP-EXP430G2553LP_core.a(WString.o)
 .debug_abbrev  0x00001a98       0x85 C:/Users/FatihKaya/Documents/CCS_MSP430_WS/MSP-EXP430G2553LP_core/Debug\libMSP-EXP430G2553LP_core.a(atof.o)
 .debug_abbrev  0x00001b1d       0xc3 C:/Users/FatihKaya/Documents/CCS_MSP430_WS/MSP-EXP430G2553LP_core/Debug\libMSP-EXP430G2553LP_core.a(dtostrf.o)
 .debug_abbrev  0x00001be0       0xaf C:/Users/FatihKaya/Documents/CCS_MSP430_WS/MSP-EXP430G2553LP_core/Debug\libMSP-EXP430G2553LP_core.a(itoa.o)
 .debug_abbrev  0x00001c8f      0x140 c:/ti/energia-1.6.10e18/hardware/tools/msp430/bin/../lib/gcc/msp430/4.6.3/../../../../msp430/lib\libm.a(ef_pow.o)
 .debug_abbrev  0x00001dcf       0xf4 c:/ti/energia-1.6.10e18/hardware/tools/msp430/bin/../lib/gcc/msp430/4.6.3/../../../../msp430/lib\libm.a(sf_scalbn.o)
 .debug_abbrev  0x00001ec3      0x14a c:/ti/energia-1.6.10e18/hardware/tools/msp430/bin/../lib/gcc/msp430/4.6.3/../../../../msp430/lib\libm.a(ef_sqrt.o)
 .debug_abbrev  0x0000200d       0x14 c:/ti/energia-1.6.10e18/hardware/tools/msp430/bin/../lib/gcc/msp430/4.6.3\libgcc.a(_mulqi3.o)
 .debug_abbrev  0x00002021       0x14 c:/ti/energia-1.6.10e18/hardware/tools/msp430/bin/../lib/gcc/msp430/4.6.3\libgcc.a(_mulhi3.o)
 .debug_abbrev  0x00002035       0x14 c:/ti/energia-1.6.10e18/hardware/tools/msp430/bin/../lib/gcc/msp430/4.6.3\libgcc.a(_mulsi3.o)
 .debug_abbrev  0x00002049       0x14 c:/ti/energia-1.6.10e18/hardware/tools/msp430/bin/../lib/gcc/msp430/4.6.3\libgcc.a(_udivmod16.o)
 .debug_abbrev  0x0000205d       0x14 c:/ti/energia-1.6.10e18/hardware/tools/msp430/bin/../lib/gcc/msp430/4.6.3\libgcc.a(_udivmod32.o)
 .debug_abbrev  0x00002071       0x5d c:/ti/energia-1.6.10e18/hardware/tools/msp430/bin/../lib/gcc/msp430/4.6.3\libgcc.a(_fixunssfsi.o)
 .debug_abbrev  0x000020ce      0x1ab c:/ti/energia-1.6.10e18/hardware/tools/msp430/bin/../lib/gcc/msp430/4.6.3\libgcc.a(_addsub_sf.o)
 .debug_abbrev  0x00002279      0x1d9 c:/ti/energia-1.6.10e18/hardware/tools/msp430/bin/../lib/gcc/msp430/4.6.3\libgcc.a(_mul_sf.o)
 .debug_abbrev  0x00002452      0x1c4 c:/ti/energia-1.6.10e18/hardware/tools/msp430/bin/../lib/gcc/msp430/4.6.3\libgcc.a(_div_sf.o)
 .debug_abbrev  0x00002616      0x151 c:/ti/energia-1.6.10e18/hardware/tools/msp430/bin/../lib/gcc/msp430/4.6.3\libgcc.a(_gt_sf.o)
 .debug_abbrev  0x00002767      0x151 c:/ti/energia-1.6.10e18/hardware/tools/msp430/bin/../lib/gcc/msp430/4.6.3\libgcc.a(_ge_sf.o)
 .debug_abbrev  0x000028b8      0x151 c:/ti/energia-1.6.10e18/hardware/tools/msp430/bin/../lib/gcc/msp430/4.6.3\libgcc.a(_lt_sf.o)
 .debug_abbrev  0x00002a09      0x151 c:/ti/energia-1.6.10e18/hardware/tools/msp430/bin/../lib/gcc/msp430/4.6.3\libgcc.a(_le_sf.o)
 .debug_abbrev  0x00002b5a      0x164 c:/ti/energia-1.6.10e18/hardware/tools/msp430/bin/../lib/gcc/msp430/4.6.3\libgcc.a(_si_to_sf.o)
 .debug_abbrev  0x00002cbe      0x160 c:/ti/energia-1.6.10e18/hardware/tools/msp430/bin/../lib/gcc/msp430/4.6.3\libgcc.a(_sf_to_si.o)
 .debug_abbrev  0x00002e1e       0xba c:/ti/energia-1.6.10e18/hardware/tools/msp430/bin/../lib/gcc/msp430/4.6.3\libgcc.a(_thenan_sf.o)
 .debug_abbrev  0x00002ed8      0x173 c:/ti/energia-1.6.10e18/hardware/tools/msp430/bin/../lib/gcc/msp430/4.6.3\libgcc.a(_usi_to_sf.o)
 .debug_abbrev  0x0000304b       0xac c:/ti/energia-1.6.10e18/hardware/tools/msp430/bin/../lib/gcc/msp430/4.6.3\libgcc.a(_clzsi2.o)
 .debug_abbrev  0x000030f7      0x192 c:/ti/energia-1.6.10e18/hardware/tools/msp430/bin/../lib/gcc/msp430/4.6.3\libgcc.a(_pack_sf.o)
 .debug_abbrev  0x00003289      0x15a c:/ti/energia-1.6.10e18/hardware/tools/msp430/bin/../lib/gcc/msp430/4.6.3\libgcc.a(_unpack_sf.o)
 .debug_abbrev  0x000033e3      0x10b c:/ti/energia-1.6.10e18/hardware/tools/msp430/bin/../lib/gcc/msp430/4.6.3\libgcc.a(_fpcmp_parts_sf.o)
 .debug_abbrev  0x000034ee       0x61 c:/ti/energia-1.6.10e18/hardware/tools/msp430/bin/../lib/gcc/msp430/4.6.3\libgcc.a(_clz.o)
 .debug_abbrev  0x0000354f       0x6f c:/ti/energia-1.6.10e18/hardware/tools/msp430/bin/../lib/gcc/msp430/4.6.3/../../../../msp430/lib\libc.a(strchr.o)
 .debug_abbrev  0x000035be       0x60 c:/ti/energia-1.6.10e18/hardware/tools/msp430/bin/../lib/gcc/msp430/4.6.3/../../../../msp430/lib\libc.a(strcmp.o)
 .debug_abbrev  0x0000361e       0x7c c:/ti/energia-1.6.10e18/hardware/tools/msp430/bin/../lib/gcc/msp430/4.6.3/../../../../msp430/lib\libc.a(strncmp.o)
 .debug_abbrev  0x0000369a       0x7e c:/ti/energia-1.6.10e18/hardware/tools/msp430/bin/../lib/gcc/msp430/4.6.3/../../../../msp430/lib\libc.a(strcpy.o)
 .debug_abbrev  0x00003718       0x94 c:/ti/energia-1.6.10e18/hardware/tools/msp430/bin/../lib/gcc/msp430/4.6.3/../../../../msp430/lib\libc.a(strncpy.o)
 .debug_abbrev  0x000037ac       0x97 c:/ti/energia-1.6.10e18/hardware/tools/msp430/bin/../lib/gcc/msp430/4.6.3/../../../../msp430/lib\libc.a(memcpy.o)
 .debug_abbrev  0x00003843       0x97 c:/ti/energia-1.6.10e18/hardware/tools/msp430/bin/../lib/gcc/msp430/4.6.3/../../../../msp430/lib\libc.a(memmove.o)
 .debug_abbrev  0x000038da       0x7e c:/ti/energia-1.6.10e18/hardware/tools/msp430/bin/../lib/gcc/msp430/4.6.3/../../../../msp430/lib\libc.a(strrchr.o)
 .debug_abbrev  0x00003958       0x8b c:/ti/energia-1.6.10e18/hardware/tools/msp430/bin/../lib/gcc/msp430/4.6.3/../../../../msp430/lib\libc.a(strstr.o)
 .debug_abbrev  0x000039e3       0x60 c:/ti/energia-1.6.10e18/hardware/tools/msp430/bin/../lib/gcc/msp430/4.6.3/../../../../msp430/lib\libc.a(atol.o)
 .debug_abbrev  0x00003a43      0x104 c:/ti/energia-1.6.10e18/hardware/tools/msp430/bin/../lib/gcc/msp430/4.6.3/../../../../msp430/lib\libc.a(malloc.o)
 .debug_abbrev  0x00003b47      0x112 c:/ti/energia-1.6.10e18/hardware/tools/msp430/bin/../lib/gcc/msp430/4.6.3/../../../../msp430/lib\libc.a(strtol.o)
 .debug_abbrev  0x00003c59      0x105 c:/ti/energia-1.6.10e18/hardware/tools/msp430/bin/../lib/gcc/msp430/4.6.3/../../../../msp430/lib\libc.a(sprintf.o)
 .debug_abbrev  0x00003d5e      0x1ef c:/ti/energia-1.6.10e18/hardware/tools/msp430/bin/../lib/gcc/msp430/4.6.3/../../../../msp430/lib\libc.a(vuprintf.o)
 .debug_abbrev  0x00003f4d       0x30 c:/ti/energia-1.6.10e18/hardware/tools/msp430/bin/../lib/gcc/msp430/4.6.3/../../../../msp430/lib\libc.a(errno.o)
 .debug_abbrev  0x00003f7d       0x14 c:/ti/energia-1.6.10e18/hardware/tools/msp430/bin/../lib/gcc/msp430/4.6.3\libgcc.a(_divmod32.o)
 .debug_abbrev  0x00003f91       0x14 c:/ti/energia-1.6.10e18/hardware/tools/msp430/bin/../lib/gcc/msp430/4.6.3\libgcc.a(_udivmod64.o)
 .debug_abbrev  0x00003fa5       0x14 c:/ti/energia-1.6.10e18/hardware/tools/msp430/bin/../lib/gcc/msp430/4.6.3\libcrt0.a(__watchdog_support.o)
 .debug_abbrev  0x00003fb9       0x14 c:/ti/energia-1.6.10e18/hardware/tools/msp430/bin/../lib/gcc/msp430/4.6.3\libcrt0.a(__init_stack.o)
 .debug_abbrev  0x00003fcd       0x14 c:/ti/energia-1.6.10e18/hardware/tools/msp430/bin/../lib/gcc/msp430/4.6.3\libcrt0.a(_copy_data.o)
 .debug_abbrev  0x00003fe1       0x14 c:/ti/energia-1.6.10e18/hardware/tools/msp430/bin/../lib/gcc/msp430/4.6.3\libcrt0.a(_clear_bss.o)
 .debug_abbrev  0x00003ff5       0x14 c:/ti/energia-1.6.10e18/hardware/tools/msp430/bin/../lib/gcc/msp430/4.6.3\libcrt0.a(_endless_loop__.o)
 .debug_abbrev  0x00004009       0x14 c:/ti/energia-1.6.10e18/hardware/tools/msp430/bin/../lib/gcc/msp430/4.6.3\libcrt0.a(_unexpected_.o)
 .debug_abbrev  0x0000401d       0x14 c:/ti/energia-1.6.10e18/hardware/tools/msp430/bin/../lib/gcc/msp430/4.6.3\libcrt0.a(_ctors430.o)

.debug_line     0x00000000     0x4760
 *(.debug_line)
 .debug_line    0x00000000      0x2f8 ./PROJE.o
 .debug_line    0x000002f8      0x3d4 C:/Users/FatihKaya/Documents/CCS_MSP430_WS/MSP-EXP430G2553LP_Wire/Debug\libMSP-EXP430G2553LP_Wire.a(Wire.o)
 .debug_line    0x000006cc      0x315 C:/Users/FatihKaya/Documents/CCS_MSP430_WS/MSP-EXP430G2553LP_Wire/Debug\libMSP-EXP430G2553LP_Wire.a(twi.o)
 .debug_line    0x000009e1      0x25b C:/Users/FatihKaya/Documents/CCS_MSP430_WS/MSP-EXP430G2553LP_Wire/Debug\libMSP-EXP430G2553LP_Wire.a(twi_sw.o)
 .debug_line    0x00000c3c      0x207 C:/Users/FatihKaya/Documents/CCS_MSP430_WS/MSP-EXP430G2553LP_core/Debug\libMSP-EXP430G2553LP_core.a(usci_isr_handler.o)
 .debug_line    0x00000e43      0x2ee C:/Users/FatihKaya/Documents/CCS_MSP430_WS/MSP-EXP430G2553LP_core/Debug\libMSP-EXP430G2553LP_core.a(wiring.o)
 .debug_line    0x00001131      0x225 C:/Users/FatihKaya/Documents/CCS_MSP430_WS/MSP-EXP430G2553LP_core/Debug\libMSP-EXP430G2553LP_core.a(wiring_digital.o)
 .debug_line    0x00001356      0x354 C:/Users/FatihKaya/Documents/CCS_MSP430_WS/MSP-EXP430G2553LP_core/Debug\libMSP-EXP430G2553LP_core.a(HardwareSerial.o)
 .debug_line    0x000016aa      0x18a C:/Users/FatihKaya/Documents/CCS_MSP430_WS/MSP-EXP430G2553LP_core/Debug\libMSP-EXP430G2553LP_core.a(main.o)
 .debug_line    0x00001834      0x15e C:/Users/FatihKaya/Documents/CCS_MSP430_WS/MSP-EXP430G2553LP_core/Debug\libMSP-EXP430G2553LP_core.a(new.o)
 .debug_line    0x00001992      0x3f2 C:/Users/FatihKaya/Documents/CCS_MSP430_WS/MSP-EXP430G2553LP_core/Debug\libMSP-EXP430G2553LP_core.a(Print.o)
 .debug_line    0x00001d84      0x7f9 C:/Users/FatihKaya/Documents/CCS_MSP430_WS/MSP-EXP430G2553LP_core/Debug\libMSP-EXP430G2553LP_core.a(WString.o)
 .debug_line    0x0000257d       0xf0 C:/Users/FatihKaya/Documents/CCS_MSP430_WS/MSP-EXP430G2553LP_core/Debug\libMSP-EXP430G2553LP_core.a(atof.o)
 .debug_line    0x0000266d      0x119 C:/Users/FatihKaya/Documents/CCS_MSP430_WS/MSP-EXP430G2553LP_core/Debug\libMSP-EXP430G2553LP_core.a(dtostrf.o)
 .debug_line    0x00002786      0x10b C:/Users/FatihKaya/Documents/CCS_MSP430_WS/MSP-EXP430G2553LP_core/Debug\libMSP-EXP430G2553LP_core.a(itoa.o)
 .debug_line    0x00002891      0x1c6 c:/ti/energia-1.6.10e18/hardware/tools/msp430/bin/../lib/gcc/msp430/4.6.3/../../../../msp430/lib\libm.a(ef_pow.o)
 .debug_line    0x00002a57       0x97 c:/ti/energia-1.6.10e18/hardware/tools/msp430/bin/../lib/gcc/msp430/4.6.3/../../../../msp430/lib\libm.a(sf_scalbn.o)
 .debug_line    0x00002aee       0xb7 c:/ti/energia-1.6.10e18/hardware/tools/msp430/bin/../lib/gcc/msp430/4.6.3/../../../../msp430/lib\libm.a(ef_sqrt.o)
 .debug_line    0x00002ba5       0x73 c:/ti/energia-1.6.10e18/hardware/tools/msp430/bin/../lib/gcc/msp430/4.6.3\libgcc.a(_mulqi3.o)
 .debug_line    0x00002c18       0x74 c:/ti/energia-1.6.10e18/hardware/tools/msp430/bin/../lib/gcc/msp430/4.6.3\libgcc.a(_mulhi3.o)
 .debug_line    0x00002c8c       0x7e c:/ti/energia-1.6.10e18/hardware/tools/msp430/bin/../lib/gcc/msp430/4.6.3\libgcc.a(_mulsi3.o)
 .debug_line    0x00002d0a       0x77 c:/ti/energia-1.6.10e18/hardware/tools/msp430/bin/../lib/gcc/msp430/4.6.3\libgcc.a(_udivmod16.o)
 .debug_line    0x00002d81       0x86 c:/ti/energia-1.6.10e18/hardware/tools/msp430/bin/../lib/gcc/msp430/4.6.3\libgcc.a(_udivmod32.o)
 .debug_line    0x00002e07       0x6f c:/ti/energia-1.6.10e18/hardware/tools/msp430/bin/../lib/gcc/msp430/4.6.3\libgcc.a(_fixunssfsi.o)
 .debug_line    0x00002e76      0x117 c:/ti/energia-1.6.10e18/hardware/tools/msp430/bin/../lib/gcc/msp430/4.6.3\libgcc.a(_addsub_sf.o)
 .debug_line    0x00002f8d      0x10f c:/ti/energia-1.6.10e18/hardware/tools/msp430/bin/../lib/gcc/msp430/4.6.3\libgcc.a(_mul_sf.o)
 .debug_line    0x0000309c       0xd1 c:/ti/energia-1.6.10e18/hardware/tools/msp430/bin/../lib/gcc/msp430/4.6.3\libgcc.a(_div_sf.o)
 .debug_line    0x0000316d       0x89 c:/ti/energia-1.6.10e18/hardware/tools/msp430/bin/../lib/gcc/msp430/4.6.3\libgcc.a(_gt_sf.o)
 .debug_line    0x000031f6       0x89 c:/ti/energia-1.6.10e18/hardware/tools/msp430/bin/../lib/gcc/msp430/4.6.3\libgcc.a(_ge_sf.o)
 .debug_line    0x0000327f       0x89 c:/ti/energia-1.6.10e18/hardware/tools/msp430/bin/../lib/gcc/msp430/4.6.3\libgcc.a(_lt_sf.o)
 .debug_line    0x00003308       0x89 c:/ti/energia-1.6.10e18/hardware/tools/msp430/bin/../lib/gcc/msp430/4.6.3\libgcc.a(_le_sf.o)
 .debug_line    0x00003391       0xa1 c:/ti/energia-1.6.10e18/hardware/tools/msp430/bin/../lib/gcc/msp430/4.6.3\libgcc.a(_si_to_sf.o)
 .debug_line    0x00003432       0x97 c:/ti/energia-1.6.10e18/hardware/tools/msp430/bin/../lib/gcc/msp430/4.6.3\libgcc.a(_sf_to_si.o)
 .debug_line    0x000034c9       0x6c c:/ti/energia-1.6.10e18/hardware/tools/msp430/bin/../lib/gcc/msp430/4.6.3\libgcc.a(_thenan_sf.o)
 .debug_line    0x00003535       0x9e c:/ti/energia-1.6.10e18/hardware/tools/msp430/bin/../lib/gcc/msp430/4.6.3\libgcc.a(_usi_to_sf.o)
 .debug_line    0x000035d3       0x99 c:/ti/energia-1.6.10e18/hardware/tools/msp430/bin/../lib/gcc/msp430/4.6.3\libgcc.a(_clzsi2.o)
 .debug_line    0x0000366c       0xda c:/ti/energia-1.6.10e18/hardware/tools/msp430/bin/../lib/gcc/msp430/4.6.3\libgcc.a(_pack_sf.o)
 .debug_line    0x00003746       0xb5 c:/ti/energia-1.6.10e18/hardware/tools/msp430/bin/../lib/gcc/msp430/4.6.3\libgcc.a(_unpack_sf.o)
 .debug_line    0x000037fb       0xc0 c:/ti/energia-1.6.10e18/hardware/tools/msp430/bin/../lib/gcc/msp430/4.6.3\libgcc.a(_fpcmp_parts_sf.o)
 .debug_line    0x000038bb       0x5b c:/ti/energia-1.6.10e18/hardware/tools/msp430/bin/../lib/gcc/msp430/4.6.3\libgcc.a(_clz.o)
 .debug_line    0x00003916       0x44 c:/ti/energia-1.6.10e18/hardware/tools/msp430/bin/../lib/gcc/msp430/4.6.3/../../../../msp430/lib\libc.a(strchr.o)
 .debug_line    0x0000395a       0x49 c:/ti/energia-1.6.10e18/hardware/tools/msp430/bin/../lib/gcc/msp430/4.6.3/../../../../msp430/lib\libc.a(strcmp.o)
 .debug_line    0x000039a3       0x82 c:/ti/energia-1.6.10e18/hardware/tools/msp430/bin/../lib/gcc/msp430/4.6.3/../../../../msp430/lib\libc.a(strncmp.o)
 .debug_line    0x00003a25       0x4d c:/ti/energia-1.6.10e18/hardware/tools/msp430/bin/../lib/gcc/msp430/4.6.3/../../../../msp430/lib\libc.a(strcpy.o)
 .debug_line    0x00003a72       0x85 c:/ti/energia-1.6.10e18/hardware/tools/msp430/bin/../lib/gcc/msp430/4.6.3/../../../../msp430/lib\libc.a(strncpy.o)
 .debug_line    0x00003af7       0xf6 c:/ti/energia-1.6.10e18/hardware/tools/msp430/bin/../lib/gcc/msp430/4.6.3/../../../../msp430/lib\libc.a(memcpy.o)
 .debug_line    0x00003bed       0xf6 c:/ti/energia-1.6.10e18/hardware/tools/msp430/bin/../lib/gcc/msp430/4.6.3/../../../../msp430/lib\libc.a(memmove.o)
 .debug_line    0x00003ce3       0x47 c:/ti/energia-1.6.10e18/hardware/tools/msp430/bin/../lib/gcc/msp430/4.6.3/../../../../msp430/lib\libc.a(strrchr.o)
 .debug_line    0x00003d2a       0x86 c:/ti/energia-1.6.10e18/hardware/tools/msp430/bin/../lib/gcc/msp430/4.6.3/../../../../msp430/lib\libc.a(strstr.o)
 .debug_line    0x00003db0       0x3d c:/ti/energia-1.6.10e18/hardware/tools/msp430/bin/../lib/gcc/msp430/4.6.3/../../../../msp430/lib\libc.a(atol.o)
 .debug_line    0x00003ded       0xce c:/ti/energia-1.6.10e18/hardware/tools/msp430/bin/../lib/gcc/msp430/4.6.3/../../../../msp430/lib\libc.a(malloc.o)
 .debug_line    0x00003ebb      0x10b c:/ti/energia-1.6.10e18/hardware/tools/msp430/bin/../lib/gcc/msp430/4.6.3/../../../../msp430/lib\libc.a(strtol.o)
 .debug_line    0x00003fc6       0xa9 c:/ti/energia-1.6.10e18/hardware/tools/msp430/bin/../lib/gcc/msp430/4.6.3/../../../../msp430/lib\libc.a(sprintf.o)
 .debug_line    0x0000406f      0x2df c:/ti/energia-1.6.10e18/hardware/tools/msp430/bin/../lib/gcc/msp430/4.6.3/../../../../msp430/lib\libc.a(vuprintf.o)
 .debug_line    0x0000434e       0x31 c:/ti/energia-1.6.10e18/hardware/tools/msp430/bin/../lib/gcc/msp430/4.6.3/../../../../msp430/lib\libc.a(errno.o)
 .debug_line    0x0000437f       0x8b c:/ti/energia-1.6.10e18/hardware/tools/msp430/bin/../lib/gcc/msp430/4.6.3\libgcc.a(_divmod32.o)
 .debug_line    0x0000440a       0xcc c:/ti/energia-1.6.10e18/hardware/tools/msp430/bin/../lib/gcc/msp430/4.6.3\libgcc.a(_udivmod64.o)
 .debug_line    0x000044d6       0x5c c:/ti/energia-1.6.10e18/hardware/tools/msp430/bin/../lib/gcc/msp430/4.6.3\libcrt0.a(__watchdog_support.o)
 .debug_line    0x00004532       0x5a c:/ti/energia-1.6.10e18/hardware/tools/msp430/bin/../lib/gcc/msp430/4.6.3\libcrt0.a(__init_stack.o)
 .debug_line    0x0000458c       0x60 c:/ti/energia-1.6.10e18/hardware/tools/msp430/bin/../lib/gcc/msp430/4.6.3\libcrt0.a(_copy_data.o)
 .debug_line    0x000045ec       0x60 c:/ti/energia-1.6.10e18/hardware/tools/msp430/bin/../lib/gcc/msp430/4.6.3\libcrt0.a(_clear_bss.o)
 .debug_line    0x0000464c       0x5b c:/ti/energia-1.6.10e18/hardware/tools/msp430/bin/../lib/gcc/msp430/4.6.3\libcrt0.a(_endless_loop__.o)
 .debug_line    0x000046a7       0x5a c:/ti/energia-1.6.10e18/hardware/tools/msp430/bin/../lib/gcc/msp430/4.6.3\libcrt0.a(_unexpected_.o)
 .debug_line    0x00004701       0x5f c:/ti/energia-1.6.10e18/hardware/tools/msp430/bin/../lib/gcc/msp430/4.6.3\libcrt0.a(_ctors430.o)

.debug_frame    0x00000000     0x1cf6
 *(.debug_frame)
 .debug_frame   0x00000000      0x160 ./PROJE.o
 .debug_frame   0x00000160      0x19c C:/Users/FatihKaya/Documents/CCS_MSP430_WS/MSP-EXP430G2553LP_Wire/Debug\libMSP-EXP430G2553LP_Wire.a(Wire.o)
 .debug_frame   0x000002fc       0xe8 C:/Users/FatihKaya/Documents/CCS_MSP430_WS/MSP-EXP430G2553LP_Wire/Debug\libMSP-EXP430G2553LP_Wire.a(twi.o)
 .debug_frame   0x000003e4      0x10e C:/Users/FatihKaya/Documents/CCS_MSP430_WS/MSP-EXP430G2553LP_Wire/Debug\libMSP-EXP430G2553LP_Wire.a(twi_sw.o)
 .debug_frame   0x000004f2       0x96 C:/Users/FatihKaya/Documents/CCS_MSP430_WS/MSP-EXP430G2553LP_core/Debug\libMSP-EXP430G2553LP_core.a(usci_isr_handler.o)
 .debug_frame   0x00000588      0x154 C:/Users/FatihKaya/Documents/CCS_MSP430_WS/MSP-EXP430G2553LP_core/Debug\libMSP-EXP430G2553LP_core.a(wiring.o)
 .debug_frame   0x000006dc       0x94 C:/Users/FatihKaya/Documents/CCS_MSP430_WS/MSP-EXP430G2553LP_core/Debug\libMSP-EXP430G2553LP_core.a(wiring_digital.o)
 .debug_frame   0x00000770       0xf8 C:/Users/FatihKaya/Documents/CCS_MSP430_WS/MSP-EXP430G2553LP_core/Debug\libMSP-EXP430G2553LP_core.a(HardwareSerial.o)
 .debug_frame   0x00000868       0x1e C:/Users/FatihKaya/Documents/CCS_MSP430_WS/MSP-EXP430G2553LP_core/Debug\libMSP-EXP430G2553LP_core.a(main.o)
 .debug_frame   0x00000886       0x72 C:/Users/FatihKaya/Documents/CCS_MSP430_WS/MSP-EXP430G2553LP_core/Debug\libMSP-EXP430G2553LP_core.a(new.o)
 .debug_frame   0x000008f8      0x32a C:/Users/FatihKaya/Documents/CCS_MSP430_WS/MSP-EXP430G2553LP_core/Debug\libMSP-EXP430G2553LP_core.a(Print.o)
 .debug_frame   0x00000c22      0x7e8 C:/Users/FatihKaya/Documents/CCS_MSP430_WS/MSP-EXP430G2553LP_core/Debug\libMSP-EXP430G2553LP_core.a(WString.o)
 .debug_frame   0x0000140a       0x6e C:/Users/FatihKaya/Documents/CCS_MSP430_WS/MSP-EXP430G2553LP_core/Debug\libMSP-EXP430G2553LP_core.a(atof.o)
 .debug_frame   0x00001478       0x82 C:/Users/FatihKaya/Documents/CCS_MSP430_WS/MSP-EXP430G2553LP_core/Debug\libMSP-EXP430G2553LP_core.a(dtostrf.o)
 .debug_frame   0x000014fa       0xec C:/Users/FatihKaya/Documents/CCS_MSP430_WS/MSP-EXP430G2553LP_core/Debug\libMSP-EXP430G2553LP_core.a(itoa.o)
 .debug_frame   0x000015e6       0x56 c:/ti/energia-1.6.10e18/hardware/tools/msp430/bin/../lib/gcc/msp430/4.6.3/../../../../msp430/lib\libm.a(ef_pow.o)
 .debug_frame   0x0000163c       0x44 c:/ti/energia-1.6.10e18/hardware/tools/msp430/bin/../lib/gcc/msp430/4.6.3/../../../../msp430/lib\libm.a(sf_scalbn.o)
 .debug_frame   0x00001680       0x62 c:/ti/energia-1.6.10e18/hardware/tools/msp430/bin/../lib/gcc/msp430/4.6.3/../../../../msp430/lib\libm.a(ef_sqrt.o)
 .debug_frame   0x000016e2       0x28 c:/ti/energia-1.6.10e18/hardware/tools/msp430/bin/../lib/gcc/msp430/4.6.3\libgcc.a(_fixunssfsi.o)
 .debug_frame   0x0000170a       0x6a c:/ti/energia-1.6.10e18/hardware/tools/msp430/bin/../lib/gcc/msp430/4.6.3\libgcc.a(_addsub_sf.o)
 .debug_frame   0x00001774       0x4a c:/ti/energia-1.6.10e18/hardware/tools/msp430/bin/../lib/gcc/msp430/4.6.3\libgcc.a(_mul_sf.o)
 .debug_frame   0x000017be       0x3a c:/ti/energia-1.6.10e18/hardware/tools/msp430/bin/../lib/gcc/msp430/4.6.3\libgcc.a(_div_sf.o)
 .debug_frame   0x000017f8       0x22 c:/ti/energia-1.6.10e18/hardware/tools/msp430/bin/../lib/gcc/msp430/4.6.3\libgcc.a(_gt_sf.o)
 .debug_frame   0x0000181a       0x22 c:/ti/energia-1.6.10e18/hardware/tools/msp430/bin/../lib/gcc/msp430/4.6.3\libgcc.a(_ge_sf.o)
 .debug_frame   0x0000183c       0x22 c:/ti/energia-1.6.10e18/hardware/tools/msp430/bin/../lib/gcc/msp430/4.6.3\libgcc.a(_lt_sf.o)
 .debug_frame   0x0000185e       0x22 c:/ti/energia-1.6.10e18/hardware/tools/msp430/bin/../lib/gcc/msp430/4.6.3\libgcc.a(_le_sf.o)
 .debug_frame   0x00001880       0x2c c:/ti/energia-1.6.10e18/hardware/tools/msp430/bin/../lib/gcc/msp430/4.6.3\libgcc.a(_si_to_sf.o)
 .debug_frame   0x000018ac       0x22 c:/ti/energia-1.6.10e18/hardware/tools/msp430/bin/../lib/gcc/msp430/4.6.3\libgcc.a(_sf_to_si.o)
 .debug_frame   0x000018ce       0x36 c:/ti/energia-1.6.10e18/hardware/tools/msp430/bin/../lib/gcc/msp430/4.6.3\libgcc.a(_usi_to_sf.o)
 .debug_frame   0x00001904       0x2e c:/ti/energia-1.6.10e18/hardware/tools/msp430/bin/../lib/gcc/msp430/4.6.3\libgcc.a(_clzsi2.o)
 .debug_frame   0x00001932       0x38 c:/ti/energia-1.6.10e18/hardware/tools/msp430/bin/../lib/gcc/msp430/4.6.3\libgcc.a(_pack_sf.o)
 .debug_frame   0x0000196a       0x28 c:/ti/energia-1.6.10e18/hardware/tools/msp430/bin/../lib/gcc/msp430/4.6.3\libgcc.a(_unpack_sf.o)
 .debug_frame   0x00001992       0x24 c:/ti/energia-1.6.10e18/hardware/tools/msp430/bin/../lib/gcc/msp430/4.6.3\libgcc.a(_fpcmp_parts_sf.o)
 .debug_frame   0x000019b6       0x1e c:/ti/energia-1.6.10e18/hardware/tools/msp430/bin/../lib/gcc/msp430/4.6.3/../../../../msp430/lib\libc.a(strchr.o)
 .debug_frame   0x000019d4       0x1e c:/ti/energia-1.6.10e18/hardware/tools/msp430/bin/../lib/gcc/msp430/4.6.3/../../../../msp430/lib\libc.a(strcmp.o)
 .debug_frame   0x000019f2       0x24 c:/ti/energia-1.6.10e18/hardware/tools/msp430/bin/../lib/gcc/msp430/4.6.3/../../../../msp430/lib\libc.a(strncmp.o)
 .debug_frame   0x00001a16       0x1e c:/ti/energia-1.6.10e18/hardware/tools/msp430/bin/../lib/gcc/msp430/4.6.3/../../../../msp430/lib\libc.a(strcpy.o)
 .debug_frame   0x00001a34       0x24 c:/ti/energia-1.6.10e18/hardware/tools/msp430/bin/../lib/gcc/msp430/4.6.3/../../../../msp430/lib\libc.a(strncpy.o)
 .debug_frame   0x00001a58       0x38 c:/ti/energia-1.6.10e18/hardware/tools/msp430/bin/../lib/gcc/msp430/4.6.3/../../../../msp430/lib\libc.a(memcpy.o)
 .debug_frame   0x00001a90       0x38 c:/ti/energia-1.6.10e18/hardware/tools/msp430/bin/../lib/gcc/msp430/4.6.3/../../../../msp430/lib\libc.a(memmove.o)
 .debug_frame   0x00001ac8       0x24 c:/ti/energia-1.6.10e18/hardware/tools/msp430/bin/../lib/gcc/msp430/4.6.3/../../../../msp430/lib\libc.a(strrchr.o)
 .debug_frame   0x00001aec       0x38 c:/ti/energia-1.6.10e18/hardware/tools/msp430/bin/../lib/gcc/msp430/4.6.3/../../../../msp430/lib\libc.a(strstr.o)
 .debug_frame   0x00001b24       0x1e c:/ti/energia-1.6.10e18/hardware/tools/msp430/bin/../lib/gcc/msp430/4.6.3/../../../../msp430/lib\libc.a(atol.o)
 .debug_frame   0x00001b42       0x52 c:/ti/energia-1.6.10e18/hardware/tools/msp430/bin/../lib/gcc/msp430/4.6.3/../../../../msp430/lib\libc.a(malloc.o)
 .debug_frame   0x00001b94       0x4a c:/ti/energia-1.6.10e18/hardware/tools/msp430/bin/../lib/gcc/msp430/4.6.3/../../../../msp430/lib\libc.a(strtol.o)
 .debug_frame   0x00001bde       0x68 c:/ti/energia-1.6.10e18/hardware/tools/msp430/bin/../lib/gcc/msp430/4.6.3/../../../../msp430/lib\libc.a(sprintf.o)
 .debug_frame   0x00001c46       0xb0 c:/ti/energia-1.6.10e18/hardware/tools/msp430/bin/../lib/gcc/msp430/4.6.3/../../../../msp430/lib\libc.a(vuprintf.o)

.debug_str      0x00000000     0x34f5
 *(.debug_str)
 .debug_str     0x00000000      0x2df ./PROJE.o
                                0x341 (size before relaxing)
 .debug_str     0x000002df     0x1266 C:/Users/FatihKaya/Documents/CCS_MSP430_WS/MSP-EXP430G2553LP_Wire/Debug\libMSP-EXP430G2553LP_Wire.a(Wire.o)
                               0x143f (size before relaxing)
 .debug_str     0x00001545      0x2e1 C:/Users/FatihKaya/Documents/CCS_MSP430_WS/MSP-EXP430G2553LP_Wire/Debug\libMSP-EXP430G2553LP_Wire.a(twi.o)
                                0x4c3 (size before relaxing)
 .debug_str     0x00001826       0xfc C:/Users/FatihKaya/Documents/CCS_MSP430_WS/MSP-EXP430G2553LP_Wire/Debug\libMSP-EXP430G2553LP_Wire.a(twi_sw.o)
                                0x2bb (size before relaxing)
 .debug_str     0x00001922       0xc0 C:/Users/FatihKaya/Documents/CCS_MSP430_WS/MSP-EXP430G2553LP_core/Debug\libMSP-EXP430G2553LP_core.a(usci_isr_handler.o)
                                0x2b4 (size before relaxing)
 .debug_str     0x000019e2      0x1b8 C:/Users/FatihKaya/Documents/CCS_MSP430_WS/MSP-EXP430G2553LP_core/Debug\libMSP-EXP430G2553LP_core.a(wiring.o)
                                0x3d9 (size before relaxing)
 .debug_str     0x00001b9a      0x52d C:/Users/FatihKaya/Documents/CCS_MSP430_WS/MSP-EXP430G2553LP_core/Debug\libMSP-EXP430G2553LP_core.a(wiring_digital.o)
                                0x748 (size before relaxing)
 .debug_str     0x000020c7      0x310 C:/Users/FatihKaya/Documents/CCS_MSP430_WS/MSP-EXP430G2553LP_core/Debug\libMSP-EXP430G2553LP_core.a(HardwareSerial.o)
                               0x12b5 (size before relaxing)
 .debug_str     0x000023d7       0x6d C:/Users/FatihKaya/Documents/CCS_MSP430_WS/MSP-EXP430G2553LP_core/Debug\libMSP-EXP430G2553LP_core.a(main.o)
                                0x252 (size before relaxing)
 .debug_str     0x00002444      0x116 C:/Users/FatihKaya/Documents/CCS_MSP430_WS/MSP-EXP430G2553LP_core/Debug\libMSP-EXP430G2553LP_core.a(new.o)
                                0x1e2 (size before relaxing)
 .debug_str     0x0000255a      0x395 C:/Users/FatihKaya/Documents/CCS_MSP430_WS/MSP-EXP430G2553LP_core/Debug\libMSP-EXP430G2553LP_core.a(Print.o)
                                0xf31 (size before relaxing)
 .debug_str     0x000028ef      0x262 C:/Users/FatihKaya/Documents/CCS_MSP430_WS/MSP-EXP430G2553LP_core/Debug\libMSP-EXP430G2553LP_core.a(WString.o)
                                0xcc3 (size before relaxing)
 .debug_str     0x00002b51       0x82 C:/Users/FatihKaya/Documents/CCS_MSP430_WS/MSP-EXP430G2553LP_core/Debug\libMSP-EXP430G2553LP_core.a(atof.o)
                                 0xe5 (size before relaxing)
 .debug_str     0x00002bd3       0x8e C:/Users/FatihKaya/Documents/CCS_MSP430_WS/MSP-EXP430G2553LP_core/Debug\libMSP-EXP430G2553LP_core.a(dtostrf.o)
                                0x176 (size before relaxing)
 .debug_str     0x00002c61       0x7c C:/Users/FatihKaya/Documents/CCS_MSP430_WS/MSP-EXP430G2553LP_core/Debug\libMSP-EXP430G2553LP_core.a(itoa.o)
                                0x151 (size before relaxing)
 .debug_str     0x00002cdd       0xcc c:/ti/energia-1.6.10e18/hardware/tools/msp430/bin/../lib/gcc/msp430/4.6.3/../../../../msp430/lib\libm.a(ef_pow.o)
                                0x197 (size before relaxing)
 .debug_str     0x00002da9       0x2f c:/ti/energia-1.6.10e18/hardware/tools/msp430/bin/../lib/gcc/msp430/4.6.3/../../../../msp430/lib\libm.a(sf_scalbn.o)
                                0x15a (size before relaxing)
 .debug_str     0x00002dd8       0x26 c:/ti/energia-1.6.10e18/hardware/tools/msp430/bin/../lib/gcc/msp430/4.6.3/../../../../msp430/lib\libm.a(ef_sqrt.o)
                                0x152 (size before relaxing)
 .debug_str     0x00002dfe       0x86 c:/ti/energia-1.6.10e18/hardware/tools/msp430/bin/../lib/gcc/msp430/4.6.3\libgcc.a(_fixunssfsi.o)
                                0x13e (size before relaxing)
 .debug_str     0x00002e84      0x138 c:/ti/energia-1.6.10e18/hardware/tools/msp430/bin/../lib/gcc/msp430/4.6.3\libgcc.a(_addsub_sf.o)
                                0x238 (size before relaxing)
 .debug_str     0x00002fbc       0x27 c:/ti/energia-1.6.10e18/hardware/tools/msp430/bin/../lib/gcc/msp430/4.6.3\libgcc.a(_mul_sf.o)
                                0x1f1 (size before relaxing)
 .debug_str     0x00002fe3       0x35 c:/ti/energia-1.6.10e18/hardware/tools/msp430/bin/../lib/gcc/msp430/4.6.3\libgcc.a(_div_sf.o)
                                0x1fa (size before relaxing)
 .debug_str     0x00003018        0x8 c:/ti/energia-1.6.10e18/hardware/tools/msp430/bin/../lib/gcc/msp430/4.6.3\libgcc.a(_gt_sf.o)
                                0x1bf (size before relaxing)
 .debug_str     0x00003020        0x8 c:/ti/energia-1.6.10e18/hardware/tools/msp430/bin/../lib/gcc/msp430/4.6.3\libgcc.a(_ge_sf.o)
                                0x1bf (size before relaxing)
 .debug_str     0x00003028        0x8 c:/ti/energia-1.6.10e18/hardware/tools/msp430/bin/../lib/gcc/msp430/4.6.3\libgcc.a(_lt_sf.o)
                                0x1bf (size before relaxing)
 .debug_str     0x00003030        0x8 c:/ti/energia-1.6.10e18/hardware/tools/msp430/bin/../lib/gcc/msp430/4.6.3\libgcc.a(_le_sf.o)
                                0x1bf (size before relaxing)
 .debug_str     0x00003038       0x27 c:/ti/energia-1.6.10e18/hardware/tools/msp430/bin/../lib/gcc/msp430/4.6.3\libgcc.a(_si_to_sf.o)
                                0x1ae (size before relaxing)
 .debug_str     0x0000305f        0xa c:/ti/energia-1.6.10e18/hardware/tools/msp430/bin/../lib/gcc/msp430/4.6.3\libgcc.a(_sf_to_si.o)
                                0x1c8 (size before relaxing)
 .debug_str     0x00000000      0x16a c:/ti/energia-1.6.10e18/hardware/tools/msp430/bin/../lib/gcc/msp430/4.6.3\libgcc.a(_thenan_sf.o)
 .debug_str     0x00003069        0xe c:/ti/energia-1.6.10e18/hardware/tools/msp430/bin/../lib/gcc/msp430/4.6.3\libgcc.a(_usi_to_sf.o)
                                0x1aa (size before relaxing)
 .debug_str     0x00003077       0x17 c:/ti/energia-1.6.10e18/hardware/tools/msp430/bin/../lib/gcc/msp430/4.6.3\libgcc.a(_clzsi2.o)
                                0x14a (size before relaxing)
 .debug_str     0x0000308e       0x10 c:/ti/energia-1.6.10e18/hardware/tools/msp430/bin/../lib/gcc/msp430/4.6.3\libgcc.a(_pack_sf.o)
                                0x1c7 (size before relaxing)
 .debug_str     0x0000309e        0xb c:/ti/energia-1.6.10e18/hardware/tools/msp430/bin/../lib/gcc/msp430/4.6.3\libgcc.a(_unpack_sf.o)
                                0x1a9 (size before relaxing)
 .debug_str     0x000030a9       0x10 c:/ti/energia-1.6.10e18/hardware/tools/msp430/bin/../lib/gcc/msp430/4.6.3\libgcc.a(_fpcmp_parts_sf.o)
                                0x18d (size before relaxing)
 .debug_str     0x00000000      0x12d c:/ti/energia-1.6.10e18/hardware/tools/msp430/bin/../lib/gcc/msp430/4.6.3\libgcc.a(_clz.o)
 .debug_str     0x000030b9       0x19 c:/ti/energia-1.6.10e18/hardware/tools/msp430/bin/../lib/gcc/msp430/4.6.3/../../../../msp430/lib\libc.a(strchr.o)
                                 0xfd (size before relaxing)
 .debug_str     0x000030d2       0x19 c:/ti/energia-1.6.10e18/hardware/tools/msp430/bin/../lib/gcc/msp430/4.6.3/../../../../msp430/lib\libc.a(strcmp.o)
                                 0xfd (size before relaxing)
 .debug_str     0x000030eb       0x1b c:/ti/energia-1.6.10e18/hardware/tools/msp430/bin/../lib/gcc/msp430/4.6.3/../../../../msp430/lib\libc.a(strncmp.o)
                                0x106 (size before relaxing)
 .debug_str     0x00003106       0x23 c:/ti/energia-1.6.10e18/hardware/tools/msp430/bin/../lib/gcc/msp430/4.6.3/../../../../msp430/lib\libc.a(strcpy.o)
                                0x107 (size before relaxing)
 .debug_str     0x00003129       0x1b c:/ti/energia-1.6.10e18/hardware/tools/msp430/bin/../lib/gcc/msp430/4.6.3/../../../../msp430/lib\libc.a(strncpy.o)
                                0x106 (size before relaxing)
 .debug_str     0x00003144       0x28 c:/ti/energia-1.6.10e18/hardware/tools/msp430/bin/../lib/gcc/msp430/4.6.3/../../../../msp430/lib\libc.a(memcpy.o)
                                0x11f (size before relaxing)
 .debug_str     0x0000316c       0x1b c:/ti/energia-1.6.10e18/hardware/tools/msp430/bin/../lib/gcc/msp430/4.6.3/../../../../msp430/lib\libc.a(memmove.o)
                                0x121 (size before relaxing)
 .debug_str     0x00003187       0x1b c:/ti/energia-1.6.10e18/hardware/tools/msp430/bin/../lib/gcc/msp430/4.6.3/../../../../msp430/lib\libc.a(strrchr.o)
                                0x104 (size before relaxing)
 .debug_str     0x000031a2       0x19 c:/ti/energia-1.6.10e18/hardware/tools/msp430/bin/../lib/gcc/msp430/4.6.3/../../../../msp430/lib\libc.a(strstr.o)
                                0x109 (size before relaxing)
 .debug_str     0x000031bb       0x15 c:/ti/energia-1.6.10e18/hardware/tools/msp430/bin/../lib/gcc/msp430/4.6.3/../../../../msp430/lib\libc.a(atol.o)
                                 0xf9 (size before relaxing)
 .debug_str     0x000031d0       0x55 c:/ti/energia-1.6.10e18/hardware/tools/msp430/bin/../lib/gcc/msp430/4.6.3/../../../../msp430/lib\libc.a(malloc.o)
                                0x145 (size before relaxing)
 .debug_str     0x00003225       0x47 c:/ti/energia-1.6.10e18/hardware/tools/msp430/bin/../lib/gcc/msp430/4.6.3/../../../../msp430/lib\libc.a(strtol.o)
                                0x138 (size before relaxing)
 .debug_str     0x0000326c       0x85 c:/ti/energia-1.6.10e18/hardware/tools/msp430/bin/../lib/gcc/msp430/4.6.3/../../../../msp430/lib\libc.a(sprintf.o)
                                0x198 (size before relaxing)
 .debug_str     0x000032f1      0x1f3 c:/ti/energia-1.6.10e18/hardware/tools/msp430/bin/../lib/gcc/msp430/4.6.3/../../../../msp430/lib\libc.a(vuprintf.o)
                                0x37e (size before relaxing)
 .debug_str     0x000034e4       0x11 c:/ti/energia-1.6.10e18/hardware/tools/msp430/bin/../lib/gcc/msp430/4.6.3/../../../../msp430/lib\libc.a(errno.o)
                                 0x7c (size before relaxing)

.debug_loc      0x00000000     0x4a28
 *(.debug_loc)
 .debug_loc     0x00000000      0x1e7 ./PROJE.o
 .debug_loc     0x000001e7      0x23d C:/Users/FatihKaya/Documents/CCS_MSP430_WS/MSP-EXP430G2553LP_Wire/Debug\libMSP-EXP430G2553LP_Wire.a(Wire.o)